mode: atomic
chenze-faka/cmd/main.go:20.13,22.16 2 0
chenze-faka/cmd/main.go:22.16,24.3 1 0
chenze-faka/cmd/main.go:26.2,30.15 3 0
chenze-faka/cmd/main.go:30.15,31.54 1 0
chenze-faka/cmd/main.go:31.54,34.4 2 0
chenze-faka/cmd/main.go:34.9,36.49 2 0
chenze-faka/cmd/main.go:36.49,38.5 1 0
chenze-faka/cmd/main.go:39.4,39.22 1 0
chenze-faka/cmd/main.go:43.2,48.12 4 0
chenze-faka/cmd/main.go:48.12,49.37 1 0
chenze-faka/cmd/main.go:49.37,51.4 1 0
chenze-faka/cmd/main.go:54.2,60.35 6 0
chenze-faka/cmd/main.go:63.53,65.16 2 0
chenze-faka/cmd/main.go:65.16,67.3 1 0
chenze-faka/cmd/main.go:69.2,70.51 2 0
chenze-faka/cmd/main.go:70.51,72.3 1 0
chenze-faka/cmd/main.go:74.2,74.26 1 0
chenze-faka/cmd/main.go:74.26,76.3 1 0
chenze-faka/cmd/main.go:77.2,77.27 1 0
chenze-faka/cmd/main.go:77.27,79.3 1 0
chenze-faka/cmd/main.go:80.2,80.26 1 0
chenze-faka/cmd/main.go:80.26,82.3 1 0
chenze-faka/cmd/main.go:83.2,83.29 1 0
chenze-faka/cmd/main.go:83.29,85.3 1 0
chenze-faka/cmd/main.go:86.2,86.28 1 0
chenze-faka/cmd/main.go:86.28,88.3 1 0
chenze-faka/cmd/main.go:90.2,90.18 1 0
chenze-faka/cmd/main.go:93.36,129.2 2 0
chenze-faka/cmd/main.go:131.84,134.38 2 0
chenze-faka/cmd/main.go:134.38,137.17 3 0
chenze-faka/cmd/main.go:137.17,139.4 1 0
chenze-faka/cmd/main.go:140.3,140.9 1 0
chenze-faka/cmd/main.go:140.9,142.4 1 0
chenze-faka/cmd/main.go:142.9,143.32 1 0
chenze-faka/cmd/main.go:143.32,145.5 1 0
chenze-faka/cmd/main.go:145.10,147.5 1 0
chenze-faka/cmd/main.go:150.3,150.28 1 0
chenze-faka/cmd/main.go:151.8,151.33 1 0
chenze-faka/cmd/main.go:151.33,153.3 1 0
chenze-faka/cmd/main.go:155.2,155.12 1 0
chenze-faka/cmd/main.go:158.28,161.2 2 0
chenze-faka/cmd/main.go:163.25,164.12 1 0
chenze-faka/cmd/main.go:164.12,167.22 3 0
chenze-faka/cmd/main.go:167.22,169.4 1 0
chenze-faka/cmd/main.go:173.46,174.42 1 0
chenze-faka/cmd/main.go:174.42,176.3 1 0
chenze-faka/cmd/main.go:177.2,177.21 1 0
chenze-faka/cmd/main.go:180.50,181.42 1 0
chenze-faka/cmd/main.go:181.42,182.53 1 0
chenze-faka/cmd/main.go:182.53,184.4 1 0
chenze-faka/cmd/main.go:186.2,186.21 1 0
chenze-faka/internal/middleware/auth_middleware.go:19.75,25.2 1 0
chenze-faka/internal/middleware/auth_middleware.go:27.57,28.30 1 0
chenze-faka/internal/middleware/auth_middleware.go:28.30,30.23 2 0
chenze-faka/internal/middleware/auth_middleware.go:30.23,32.4 1 0
chenze-faka/internal/middleware/auth_middleware.go:34.3,34.23 1 0
chenze-faka/internal/middleware/auth_middleware.go:34.23,38.4 3 0
chenze-faka/internal/middleware/auth_middleware.go:40.3,41.47 2 0
chenze-faka/internal/middleware/auth_middleware.go:41.47,43.4 1 0
chenze-faka/internal/middleware/auth_middleware.go:45.3,46.17 2 0
chenze-faka/internal/middleware/auth_middleware.go:46.17,50.4 3 0
chenze-faka/internal/middleware/auth_middleware.go:52.3,54.17 3 0
chenze-faka/internal/middleware/auth_middleware.go:54.17,56.55 2 0
chenze-faka/internal/middleware/auth_middleware.go:56.55,58.5 1 0
chenze-faka/internal/middleware/auth_middleware.go:59.4,60.47 2 0
chenze-faka/internal/middleware/auth_middleware.go:60.47,62.5 1 0
chenze-faka/internal/middleware/auth_middleware.go:63.4,67.5 1 0
chenze-faka/internal/middleware/auth_middleware.go:70.3,74.11 5 0
chenze-faka/internal/middleware/auth_middleware.go:78.58,79.30 1 0
chenze-faka/internal/middleware/auth_middleware.go:79.30,81.14 2 0
chenze-faka/internal/middleware/auth_middleware.go:81.14,85.4 3 0
chenze-faka/internal/middleware/auth_middleware.go:87.3,88.32 2 0
chenze-faka/internal/middleware/auth_middleware.go:88.32,92.4 3 0
chenze-faka/internal/middleware/auth_middleware.go:94.3,94.11 1 0
chenze-faka/internal/middleware/install_middleware.go:15.48,17.2 1 0
chenze-faka/internal/middleware/install_middleware.go:19.54,20.30 1 0
chenze-faka/internal/middleware/install_middleware.go:20.30,21.20 1 0
chenze-faka/internal/middleware/install_middleware.go:21.20,24.4 2 0
chenze-faka/internal/middleware/install_middleware.go:26.3,28.38 2 0
chenze-faka/internal/middleware/install_middleware.go:28.38,31.4 2 0
chenze-faka/internal/middleware/install_middleware.go:33.3,33.22 1 0
chenze-faka/internal/middleware/install_middleware.go:33.22,40.4 3 0
chenze-faka/internal/middleware/install_middleware.go:42.3,43.12 2 0
chenze-faka/internal/middleware/install_middleware.go:47.25,50.2 2 0
chenze-faka/internal/middleware/install_middleware.go:52.50,61.41 2 0
chenze-faka/internal/middleware/install_middleware.go:61.41,62.56 1 0
chenze-faka/internal/middleware/install_middleware.go:62.56,64.4 1 0
chenze-faka/internal/middleware/install_middleware.go:66.2,66.14 1 0
chenze-faka/internal/middleware/install_middleware.go:69.40,71.50 2 0
chenze-faka/internal/middleware/install_middleware.go:71.50,73.3 1 0
chenze-faka/internal/middleware/install_middleware.go:75.2,76.38 2 0
chenze-faka/internal/middleware/install_middleware.go:76.38,78.3 1 0
chenze-faka/internal/middleware/install_middleware.go:80.2,81.55 2 0
chenze-faka/internal/middleware/install_middleware.go:81.55,83.3 1 0
chenze-faka/internal/middleware/install_middleware.go:85.2,85.14 1 0
chenze-faka/internal/middleware/license_middleware.go:17.75,19.2 1 0
chenze-faka/internal/middleware/license_middleware.go:21.54,22.30 1 0
chenze-faka/internal/middleware/license_middleware.go:22.30,23.71 1 0
chenze-faka/internal/middleware/license_middleware.go:23.71,26.4 2 0
chenze-faka/internal/middleware/license_middleware.go:28.3,30.32 2 0
chenze-faka/internal/middleware/license_middleware.go:30.32,33.4 2 0
chenze-faka/internal/middleware/license_middleware.go:35.3,35.39 1 0
chenze-faka/internal/middleware/license_middleware.go:35.39,39.4 3 0
chenze-faka/internal/middleware/license_middleware.go:41.3,42.12 2 0
chenze-faka/internal/middleware/license_middleware.go:46.44,64.32 2 0
chenze-faka/internal/middleware/license_middleware.go:64.32,65.30 1 0
chenze-faka/internal/middleware/license_middleware.go:65.30,67.4 1 0
chenze-faka/internal/middleware/license_middleware.go:68.3,68.33 1 0
chenze-faka/internal/middleware/license_middleware.go:68.33,70.4 1 0
chenze-faka/internal/middleware/license_middleware.go:72.2,72.14 1 0
chenze-faka/internal/model/card.go:27.32,29.2 1 0
chenze-faka/internal/model/category.go:25.36,27.2 1 0
chenze-faka/internal/model/email.go:23.39,25.2 1 0
chenze-faka/internal/model/email.go:44.36,46.2 1 0
chenze-faka/internal/model/log.go:26.40,28.2 1 0
chenze-faka/internal/model/log.go:39.36,41.2 1 0
chenze-faka/internal/model/node.go:27.32,29.2 1 0
chenze-faka/internal/model/order.go:36.33,38.2 1 0
chenze-faka/internal/model/order.go:52.41,53.16 1 0
chenze-faka/internal/model/order.go:54.26,55.21 1 0
chenze-faka/internal/model/order.go:56.23,57.21 1 0
chenze-faka/internal/model/order.go:58.27,59.21 1 0
chenze-faka/internal/model/order.go:60.25,61.21 1 0
chenze-faka/internal/model/order.go:62.10,63.18 1 0
chenze-faka/internal/model/payment_channel.go:33.42,35.2 1 0
chenze-faka/internal/model/product.go:31.35,33.2 1 0
chenze-faka/internal/model/product.go:49.36,63.2 1 0
chenze-faka/internal/model/upgrade.go:25.38,27.2 1 0
chenze-faka/internal/model/upload.go:24.38,26.2 1 0
chenze-faka/internal/model/user.go:26.32,28.2 1 0
chenze-faka/internal/pkg/captcha/captcha.go:32.34,38.12 5 17
chenze-faka/internal/pkg/captcha/captcha.go:39.9,43.14 4 9
chenze-faka/internal/pkg/captcha/captcha.go:44.10,47.12 3 8
chenze-faka/internal/pkg/captcha/captcha.go:47.12,49.4 1 4
chenze-faka/internal/pkg/captcha/captcha.go:50.3,51.14 2 8
chenze-faka/internal/pkg/captcha/captcha.go:54.2,73.22 12 17
chenze-faka/internal/pkg/captcha/captcha.go:76.44,81.9 4 17
chenze-faka/internal/pkg/captcha/captcha.go:81.9,83.3 1 3
chenze-faka/internal/pkg/captcha/captcha.go:84.2,86.36 2 14
chenze-faka/internal/pkg/captcha/captcha.go:86.36,89.3 2 1
chenze-faka/internal/pkg/captcha/captcha.go:91.2,92.31 2 13
chenze-faka/internal/pkg/captcha/captcha.go:95.24,97.2 1 2
chenze-faka/internal/pkg/captcha/captcha.go:99.25,102.2 2 17
chenze-faka/internal/pkg/captcha/captcha.go:104.43,108.30 3 17
chenze-faka/internal/pkg/captcha/captcha.go:108.30,109.30 1 680
chenze-faka/internal/pkg/captcha/captcha.go:109.30,111.4 1 81600
chenze-faka/internal/pkg/captcha/captcha.go:114.2,114.26 1 17
chenze-faka/internal/pkg/captcha/captcha.go:114.26,119.17 5 510
chenze-faka/internal/pkg/captcha/captcha.go:119.17,121.4 1 44
chenze-faka/internal/pkg/captcha/captcha.go:122.3,122.18 1 510
chenze-faka/internal/pkg/captcha/captcha.go:122.18,124.4 1 18
chenze-faka/internal/pkg/captcha/captcha.go:125.3,126.28 2 510
chenze-faka/internal/pkg/captcha/captcha.go:126.28,127.29 1 1003
chenze-faka/internal/pkg/captcha/captcha.go:127.29,129.5 1 11433
chenze-faka/internal/pkg/captcha/captcha.go:133.2,133.26 1 17
chenze-faka/internal/pkg/captcha/captcha.go:133.26,137.3 3 680
chenze-faka/internal/pkg/captcha/captcha.go:139.2,141.12 2 17
chenze-faka/internal/pkg/captcha/captcha.go:144.45,149.26 4 17
chenze-faka/internal/pkg/captcha/captcha.go:149.26,154.3 4 187
chenze-faka/internal/pkg/captcha/captcha.go:157.65,288.9 3 187
chenze-faka/internal/pkg/captcha/captcha.go:288.9,290.3 1 68
chenze-faka/internal/pkg/captcha/captcha.go:292.2,292.33 1 119
chenze-faka/internal/pkg/captcha/captcha.go:292.33,293.28 1 833
chenze-faka/internal/pkg/captcha/captcha.go:293.28,294.14 1 4165
chenze-faka/internal/pkg/captcha/captcha.go:294.14,297.56 3 1467
chenze-faka/internal/pkg/captcha/captcha.go:297.56,299.6 1 1144
chenze-faka/internal/pkg/captcha/captcha.go:305.45,310.2 4 1190
chenze-faka/internal/pkg/crypto/aes.go:12.56,14.24 2 99
chenze-faka/internal/pkg/crypto/aes.go:14.24,16.3 1 11
chenze-faka/internal/pkg/crypto/aes.go:16.8,16.31 1 88
chenze-faka/internal/pkg/crypto/aes.go:16.31,20.3 3 88
chenze-faka/internal/pkg/crypto/aes.go:22.2,23.16 2 99
chenze-faka/internal/pkg/crypto/aes.go:23.16,25.3 1 0
chenze-faka/internal/pkg/crypto/aes.go:27.2,28.16 2 99
chenze-faka/internal/pkg/crypto/aes.go:28.16,30.3 1 0
chenze-faka/internal/pkg/crypto/aes.go:32.2,33.58 2 99
chenze-faka/internal/pkg/crypto/aes.go:33.58,35.3 1 0
chenze-faka/internal/pkg/crypto/aes.go:37.2,38.59 2 99
chenze-faka/internal/pkg/crypto/aes.go:41.57,43.24 2 102
chenze-faka/internal/pkg/crypto/aes.go:43.24,45.3 1 11
chenze-faka/internal/pkg/crypto/aes.go:45.8,45.31 1 91
chenze-faka/internal/pkg/crypto/aes.go:45.31,49.3 3 91
chenze-faka/internal/pkg/crypto/aes.go:51.2,52.16 2 102
chenze-faka/internal/pkg/crypto/aes.go:52.16,54.3 1 2
chenze-faka/internal/pkg/crypto/aes.go:56.2,57.16 2 100
chenze-faka/internal/pkg/crypto/aes.go:57.16,59.3 1 0
chenze-faka/internal/pkg/crypto/aes.go:61.2,62.16 2 100
chenze-faka/internal/pkg/crypto/aes.go:62.16,64.3 1 0
chenze-faka/internal/pkg/crypto/aes.go:66.2,67.27 2 100
chenze-faka/internal/pkg/crypto/aes.go:67.27,69.3 1 1
chenze-faka/internal/pkg/crypto/aes.go:71.2,73.16 3 99
chenze-faka/internal/pkg/crypto/aes.go:73.16,75.3 1 1
chenze-faka/internal/pkg/crypto/aes.go:77.2,77.31 1 98
chenze-faka/internal/pkg/database/database.go:16.44,19.20 2 5
chenze-faka/internal/pkg/database/database.go:20.16,21.28 1 5
chenze-faka/internal/pkg/database/database.go:22.10,23.27 1 0
chenze-faka/internal/pkg/database/database.go:26.2,26.16 1 5
chenze-faka/internal/pkg/database/database.go:26.16,29.3 2 0
chenze-faka/internal/pkg/database/database.go:31.2,32.16 2 5
chenze-faka/internal/pkg/database/database.go:32.16,35.3 2 0
chenze-faka/internal/pkg/database/database.go:37.2,41.12 4 5
chenze-faka/internal/pkg/database/database.go:44.61,49.16 3 1
chenze-faka/internal/pkg/database/database.go:49.16,51.3 1 1
chenze-faka/internal/pkg/database/database.go:53.2,53.16 1 0
chenze-faka/internal/pkg/database/database.go:56.62,58.16 2 6
chenze-faka/internal/pkg/database/database.go:58.16,60.3 1 0
chenze-faka/internal/pkg/database/database.go:62.2,63.16 2 6
chenze-faka/internal/pkg/database/database.go:63.16,65.3 1 0
chenze-faka/internal/pkg/database/database.go:67.2,67.16 1 6
chenze-faka/internal/pkg/database/database.go:70.26,71.15 1 2
chenze-faka/internal/pkg/database/database.go:71.15,73.3 1 0
chenze-faka/internal/pkg/database/database.go:74.2,88.3 1 2
chenze-faka/internal/pkg/database/database.go:91.14,92.15 1 5
chenze-faka/internal/pkg/database/database.go:92.15,94.17 2 5
chenze-faka/internal/pkg/database/database.go:94.17,96.4 1 5
chenze-faka/internal/pkg/database/database.go:100.25,102.2 1 3
chenze-faka/internal/pkg/database/database.go:104.25,105.15 1 1
chenze-faka/internal/pkg/database/database.go:105.15,107.3 1 0
chenze-faka/internal/pkg/database/database.go:109.2,112.135 3 1
chenze-faka/internal/pkg/database/database.go:112.135,114.3 1 1
chenze-faka/internal/pkg/database/database.go:116.2,116.31 1 0
chenze-faka/internal/pkg/database/database.go:116.31,117.31 1 0
chenze-faka/internal/pkg/database/database.go:117.31,118.52 1 0
chenze-faka/internal/pkg/database/database.go:118.52,120.5 1 0
chenze-faka/internal/pkg/database/database.go:124.2,124.12 1 0
chenze-faka/internal/pkg/database/database.go:133.69,137.20 3 2
chenze-faka/internal/pkg/database/database.go:138.16,139.32 1 1
chenze-faka/internal/pkg/database/database.go:140.10,141.31 1 1
chenze-faka/internal/pkg/database/database.go:144.2,144.16 1 2
chenze-faka/internal/pkg/database/database.go:144.16,146.3 1 1
chenze-faka/internal/pkg/database/database.go:148.2,149.16 2 1
chenze-faka/internal/pkg/database/database.go:149.16,151.3 1 0
chenze-faka/internal/pkg/database/database.go:152.2,154.37 2 1
chenze-faka/internal/pkg/database/database.go:154.37,156.3 1 0
chenze-faka/internal/pkg/database/database.go:158.2,159.28 2 1
chenze-faka/internal/pkg/database/database.go:159.28,161.44 2 0
chenze-faka/internal/pkg/database/database.go:161.44,163.4 1 0
chenze-faka/internal/pkg/database/database.go:164.8,166.3 1 1
chenze-faka/internal/pkg/database/database.go:168.2,171.48 3 1
chenze-faka/internal/pkg/database/database.go:171.48,173.65 2 0
chenze-faka/internal/pkg/database/database.go:173.65,175.4 1 0
chenze-faka/internal/pkg/database/database.go:176.8,176.35 1 1
chenze-faka/internal/pkg/database/database.go:176.35,178.110 2 1
chenze-faka/internal/pkg/database/database.go:178.110,180.17 2 1
chenze-faka/internal/pkg/database/database.go:180.17,182.5 1 0
chenze-faka/internal/pkg/database/database.go:186.2,190.8 1 1
chenze-faka/internal/pkg/response/response.go:15.48,21.2 1 2
chenze-faka/internal/pkg/response/response.go:23.43,28.2 1 1
chenze-faka/internal/pkg/response/response.go:30.65,35.2 1 1
chenze-faka/internal/pkg/response/response.go:37.51,42.2 1 1
chenze-faka/internal/pkg/response/response.go:44.48,49.2 1 1
chenze-faka/internal/pkg/response/response.go:51.47,56.2 1 1
chenze-faka/internal/pkg/response/response.go:58.50,63.2 1 1
chenze-faka/internal/pkg/response/response.go:65.84,72.2 1 1
chenze-faka/internal/pkg/response/response.go:74.41,79.2 1 1
chenze-faka/internal/pkg/utils/utils.go:16.31,19.2 2 1
chenze-faka/internal/pkg/utils/utils.go:21.28,25.2 3 2
chenze-faka/internal/pkg/utils/utils.go:27.49,31.2 3 3
chenze-faka/internal/pkg/utils/utils.go:33.30,36.2 2 7
chenze-faka/internal/pkg/utils/utils.go:38.122,39.76 1 3
chenze-faka/internal/pkg/utils/utils.go:39.76,41.3 1 1
chenze-faka/internal/pkg/utils/utils.go:43.2,54.24 3 2
chenze-faka/internal/pkg/utils/utils.go:54.24,56.3 1 14
chenze-faka/internal/pkg/utils/utils.go:57.2,60.25 3 2
chenze-faka/internal/pkg/utils/utils.go:60.25,62.3 1 14
chenze-faka/internal/pkg/utils/utils.go:64.2,70.27 6 2
chenze-faka/internal/pkg/utils/utils.go:70.27,72.3 1 18
chenze-faka/internal/pkg/utils/utils.go:74.2,74.71 1 2
chenze-faka/internal/pkg/utils/utils.go:77.66,78.18 1 4
chenze-faka/internal/pkg/utils/utils.go:78.18,80.3 1 1
chenze-faka/internal/pkg/utils/utils.go:82.2,86.27 4 3
chenze-faka/internal/pkg/utils/utils.go:86.27,87.38 1 26
chenze-faka/internal/pkg/utils/utils.go:87.38,88.12 1 5
chenze-faka/internal/pkg/utils/utils.go:90.3,90.17 1 21
chenze-faka/internal/pkg/utils/utils.go:93.2,94.25 2 3
chenze-faka/internal/pkg/utils/utils.go:94.25,96.3 1 21
chenze-faka/internal/pkg/utils/utils.go:97.2,100.25 3 3
chenze-faka/internal/pkg/utils/utils.go:100.25,101.23 1 21
chenze-faka/internal/pkg/utils/utils.go:101.23,103.4 1 21
chenze-faka/internal/pkg/utils/utils.go:106.2,109.23 3 3
chenze-faka/internal/pkg/utils/utils.go:109.23,111.3 1 3
chenze-faka/internal/pkg/utils/utils.go:112.2,112.14 1 0
chenze-faka/internal/router/router.go:17.95,34.16 13 0
chenze-faka/internal/router/router.go:34.16,36.23 2 0
chenze-faka/internal/router/router.go:36.23,37.48 1 0
chenze-faka/internal/router/router.go:37.48,40.19 3 0
chenze-faka/internal/router/router.go:40.19,43.6 2 0
chenze-faka/internal/router/router.go:44.5,45.45 2 0
chenze-faka/internal/router/router.go:48.3,48.34 1 0
chenze-faka/internal/router/router.go:48.34,51.40 2 0
chenze-faka/internal/router/router.go:51.40,57.5 2 0
chenze-faka/internal/router/router.go:59.4,59.52 1 0
chenze-faka/internal/router/router.go:61.8,62.34 1 0
chenze-faka/internal/router/router.go:62.34,65.40 2 0
chenze-faka/internal/router/router.go:65.40,71.5 2 0
chenze-faka/internal/router/router.go:73.4,73.31 1 0
chenze-faka/internal/router/router.go:77.2,78.2 2 0
chenze-faka/internal/router/router.go:78.2,84.3 4 0
chenze-faka/internal/router/router.go:84.3,88.4 3 0
chenze-faka/internal/router/router.go:90.3,91.3 2 0
chenze-faka/internal/router/router.go:91.3,96.4 4 0
chenze-faka/internal/router/router.go:98.3,99.3 2 0
chenze-faka/internal/router/router.go:99.3,105.4 5 0
chenze-faka/internal/router/router.go:107.3,108.3 2 0
chenze-faka/internal/router/router.go:108.3,110.4 1 0
chenze-faka/internal/router/router.go:112.3,113.3 2 0
chenze-faka/internal/router/router.go:113.3,119.4 5 0
chenze-faka/internal/router/router.go:121.3,122.3 2 0
chenze-faka/internal/router/router.go:122.3,130.4 7 0
chenze-faka/internal/router/router.go:130.4,136.5 5 0
chenze-faka/internal/router/router.go:138.4,139.4 2 0
chenze-faka/internal/router/router.go:139.4,144.5 4 0
chenze-faka/internal/router/router.go:146.4,147.4 2 0
chenze-faka/internal/router/router.go:147.4,152.5 4 0
chenze-faka/internal/router/router.go:154.4,155.4 2 0
chenze-faka/internal/router/router.go:155.4,158.5 2 0
chenze-faka/internal/router/router.go:160.4,161.4 2 0
chenze-faka/internal/router/router.go:161.4,167.5 5 0
chenze-faka/internal/router/router.go:169.4,170.4 2 0
chenze-faka/internal/router/router.go:170.4,177.5 6 0
chenze-faka/internal/router/router.go:179.4,180.4 2 0
chenze-faka/internal/router/router.go:180.4,183.5 2 0
chenze-faka/internal/router/router.go:185.4,186.4 2 0
chenze-faka/internal/router/router.go:186.4,192.5 5 0
chenze-faka/internal/router/router.go:194.4,195.4 2 0
chenze-faka/internal/router/router.go:195.4,198.5 2 0
chenze-faka/internal/router/router.go:200.4,201.4 2 0
chenze-faka/internal/router/router.go:201.4,207.5 5 0
chenze-faka/internal/router/router.go:209.4,210.4 2 0
chenze-faka/internal/router/router.go:210.4,215.5 4 0
chenze-faka/internal/router/router.go:219.2,219.10 1 0
chenze-faka/internal/router/router.go:222.68,224.16 2 0
chenze-faka/internal/router/router.go:224.16,230.3 2 0
chenze-faka/internal/router/router.go:232.2,233.36 2 0
chenze-faka/internal/router/router.go:233.36,235.3 1 0
chenze-faka/internal/router/router.go:235.8,235.44 1 0
chenze-faka/internal/router/router.go:235.44,237.3 1 0
chenze-faka/internal/router/router.go:237.8,237.44 1 0
chenze-faka/internal/router/router.go:237.44,239.3 1 0
chenze-faka/internal/router/router.go:239.8,239.80 1 0
chenze-faka/internal/router/router.go:239.80,241.3 1 0
chenze-faka/internal/router/router.go:241.8,241.44 1 0
chenze-faka/internal/router/router.go:241.44,243.3 1 0
chenze-faka/internal/router/router.go:243.8,243.44 1 0
chenze-faka/internal/router/router.go:243.44,245.3 1 0
chenze-faka/internal/router/router.go:247.2,247.42 1 0
chenze-faka/internal/router/router.go:250.44,251.36 1 0
chenze-faka/internal/router/router.go:251.36,253.3 1 0
chenze-faka/internal/router/router.go:253.8,253.44 1 0
chenze-faka/internal/router/router.go:253.44,255.3 1 0
chenze-faka/internal/router/router.go:255.8,255.44 1 0
chenze-faka/internal/router/router.go:255.44,257.3 1 0
chenze-faka/internal/router/router.go:257.8,257.80 1 0
chenze-faka/internal/router/router.go:257.80,259.3 1 0
chenze-faka/internal/router/router.go:259.8,259.44 1 0
chenze-faka/internal/router/router.go:259.44,261.3 1 0
chenze-faka/internal/router/router.go:261.8,261.44 1 0
chenze-faka/internal/router/router.go:261.44,263.3 1 0
chenze-faka/internal/router/router.go:263.8,263.44 1 0
chenze-faka/internal/router/router.go:263.44,265.3 1 0
chenze-faka/internal/router/router.go:265.8,265.45 1 0
chenze-faka/internal/router/router.go:265.45,267.3 1 0
chenze-faka/internal/router/router.go:268.2,268.35 1 0
chenze-faka/internal/controller/admin_controller.go:31.78,46.2 1 79
chenze-faka/internal/controller/admin_controller.go:48.56,53.2 1 0
chenze-faka/internal/controller/admin_controller.go:55.57,56.25 1 0
chenze-faka/internal/controller/admin_controller.go:56.25,59.3 2 0
chenze-faka/internal/controller/admin_controller.go:60.2,64.16 5 0
chenze-faka/internal/controller/admin_controller.go:64.16,66.3 1 0
chenze-faka/internal/controller/admin_controller.go:66.8,66.25 1 0
chenze-faka/internal/controller/admin_controller.go:66.25,68.3 1 0
chenze-faka/internal/controller/admin_controller.go:69.2,79.4 1 0
chenze-faka/internal/controller/admin_controller.go:82.57,83.25 1 0
chenze-faka/internal/controller/admin_controller.go:83.25,86.3 2 0
chenze-faka/internal/controller/admin_controller.go:87.2,88.16 2 0
chenze-faka/internal/controller/admin_controller.go:88.16,91.3 2 0
chenze-faka/internal/controller/admin_controller.go:92.2,92.44 1 0
chenze-faka/internal/controller/admin_controller.go:95.53,97.16 2 1
chenze-faka/internal/controller/admin_controller.go:97.16,100.3 2 0
chenze-faka/internal/controller/admin_controller.go:101.2,101.28 1 1
chenze-faka/internal/controller/admin_controller.go:104.61,106.16 2 0
chenze-faka/internal/controller/admin_controller.go:106.16,109.3 2 0
chenze-faka/internal/controller/admin_controller.go:110.2,110.29 1 0
chenze-faka/internal/controller/admin_controller.go:115.56,120.16 5 1
chenze-faka/internal/controller/admin_controller.go:120.16,123.3 2 0
chenze-faka/internal/controller/admin_controller.go:124.2,124.29 1 1
chenze-faka/internal/controller/admin_controller.go:127.55,129.16 2 0
chenze-faka/internal/controller/admin_controller.go:129.16,132.3 2 0
chenze-faka/internal/controller/admin_controller.go:133.2,133.43 1 0
chenze-faka/internal/controller/admin_controller.go:136.58,142.47 2 3
chenze-faka/internal/controller/admin_controller.go:142.47,145.3 2 0
chenze-faka/internal/controller/admin_controller.go:146.2,147.16 2 3
chenze-faka/internal/controller/admin_controller.go:147.16,150.3 2 0
chenze-faka/internal/controller/admin_controller.go:151.2,151.26 1 3
chenze-faka/internal/controller/admin_controller.go:154.58,162.47 2 1
chenze-faka/internal/controller/admin_controller.go:162.47,165.3 2 0
chenze-faka/internal/controller/admin_controller.go:166.2,167.16 2 1
chenze-faka/internal/controller/admin_controller.go:167.16,170.3 2 0
chenze-faka/internal/controller/admin_controller.go:171.2,171.26 1 1
chenze-faka/internal/controller/admin_controller.go:174.58,176.16 2 1
chenze-faka/internal/controller/admin_controller.go:176.16,179.3 2 0
chenze-faka/internal/controller/admin_controller.go:180.2,180.59 1 1
chenze-faka/internal/controller/admin_controller.go:180.59,183.3 2 0
chenze-faka/internal/controller/admin_controller.go:184.2,184.26 1 1
chenze-faka/internal/controller/admin_controller.go:189.55,194.16 5 1
chenze-faka/internal/controller/admin_controller.go:194.16,197.3 2 0
chenze-faka/internal/controller/admin_controller.go:198.2,198.29 1 1
chenze-faka/internal/controller/admin_controller.go:201.57,203.47 2 6
chenze-faka/internal/controller/admin_controller.go:203.47,206.3 2 0
chenze-faka/internal/controller/admin_controller.go:207.2,208.16 2 6
chenze-faka/internal/controller/admin_controller.go:208.16,211.3 2 0
chenze-faka/internal/controller/admin_controller.go:212.2,212.30 1 6
chenze-faka/internal/controller/admin_controller.go:215.57,217.47 2 2
chenze-faka/internal/controller/admin_controller.go:217.47,220.3 2 0
chenze-faka/internal/controller/admin_controller.go:221.2,222.16 2 2
chenze-faka/internal/controller/admin_controller.go:222.16,225.3 2 0
chenze-faka/internal/controller/admin_controller.go:226.2,226.30 1 2
chenze-faka/internal/controller/admin_controller.go:229.57,231.16 2 2
chenze-faka/internal/controller/admin_controller.go:231.16,234.3 2 0
chenze-faka/internal/controller/admin_controller.go:235.2,235.58 1 2
chenze-faka/internal/controller/admin_controller.go:235.58,238.3 2 0
chenze-faka/internal/controller/admin_controller.go:239.2,239.26 1 2
chenze-faka/internal/controller/admin_controller.go:244.52,250.16 6 3
chenze-faka/internal/controller/admin_controller.go:250.16,253.3 2 0
chenze-faka/internal/controller/admin_controller.go:254.2,254.29 1 3
chenze-faka/internal/controller/admin_controller.go:257.54,262.47 2 3
chenze-faka/internal/controller/admin_controller.go:262.47,265.3 2 0
chenze-faka/internal/controller/admin_controller.go:266.2,267.23 2 3
chenze-faka/internal/controller/admin_controller.go:267.23,270.3 2 0
chenze-faka/internal/controller/admin_controller.go:271.2,272.16 2 3
chenze-faka/internal/controller/admin_controller.go:272.16,275.3 2 0
chenze-faka/internal/controller/admin_controller.go:276.2,276.29 1 3
chenze-faka/internal/controller/admin_controller.go:279.54,281.16 2 1
chenze-faka/internal/controller/admin_controller.go:281.16,284.3 2 0
chenze-faka/internal/controller/admin_controller.go:285.2,285.55 1 1
chenze-faka/internal/controller/admin_controller.go:285.55,288.3 2 0
chenze-faka/internal/controller/admin_controller.go:289.2,289.26 1 1
chenze-faka/internal/controller/admin_controller.go:292.54,296.16 4 0
chenze-faka/internal/controller/admin_controller.go:296.16,299.3 2 0
chenze-faka/internal/controller/admin_controller.go:300.2,300.44 1 0
chenze-faka/internal/controller/admin_controller.go:305.53,311.16 6 1
chenze-faka/internal/controller/admin_controller.go:311.16,314.3 2 0
chenze-faka/internal/controller/admin_controller.go:315.2,315.29 1 1
chenze-faka/internal/controller/admin_controller.go:318.53,323.16 5 0
chenze-faka/internal/controller/admin_controller.go:323.16,326.3 2 0
chenze-faka/internal/controller/admin_controller.go:327.2,327.29 1 0
chenze-faka/internal/controller/admin_controller.go:332.55,337.16 5 0
chenze-faka/internal/controller/admin_controller.go:337.16,340.3 2 0
chenze-faka/internal/controller/admin_controller.go:341.2,341.29 1 0
chenze-faka/internal/controller/admin_controller.go:344.54,346.16 2 0
chenze-faka/internal/controller/admin_controller.go:346.16,349.3 2 0
chenze-faka/internal/controller/admin_controller.go:350.2,350.47 1 0
chenze-faka/internal/controller/admin_controller.go:353.57,362.47 2 0
chenze-faka/internal/controller/admin_controller.go:362.47,365.3 2 0
chenze-faka/internal/controller/admin_controller.go:366.2,367.16 2 0
chenze-faka/internal/controller/admin_controller.go:367.16,370.3 2 0
chenze-faka/internal/controller/admin_controller.go:371.2,371.25 1 0
chenze-faka/internal/controller/admin_controller.go:374.57,384.47 2 0
chenze-faka/internal/controller/admin_controller.go:384.47,387.3 2 0
chenze-faka/internal/controller/admin_controller.go:388.2,389.16 2 0
chenze-faka/internal/controller/admin_controller.go:389.16,392.3 2 0
chenze-faka/internal/controller/admin_controller.go:393.2,393.25 1 0
chenze-faka/internal/controller/admin_controller.go:396.57,398.16 2 0
chenze-faka/internal/controller/admin_controller.go:398.16,401.3 2 0
chenze-faka/internal/controller/admin_controller.go:402.2,402.58 1 0
chenze-faka/internal/controller/admin_controller.go:402.58,405.3 2 0
chenze-faka/internal/controller/admin_controller.go:406.2,406.26 1 0
chenze-faka/internal/controller/admin_controller.go:411.53,415.16 4 0
chenze-faka/internal/controller/admin_controller.go:415.16,418.3 2 0
chenze-faka/internal/controller/admin_controller.go:419.2,419.29 1 0
chenze-faka/internal/controller/admin_controller.go:422.55,424.47 2 0
chenze-faka/internal/controller/admin_controller.go:424.47,427.3 2 0
chenze-faka/internal/controller/admin_controller.go:428.2,429.16 2 0
chenze-faka/internal/controller/admin_controller.go:429.16,432.3 2 0
chenze-faka/internal/controller/admin_controller.go:433.2,433.28 1 0
chenze-faka/internal/controller/admin_controller.go:436.55,441.47 2 0
chenze-faka/internal/controller/admin_controller.go:441.47,444.3 2 0
chenze-faka/internal/controller/admin_controller.go:445.2,446.16 2 0
chenze-faka/internal/controller/admin_controller.go:446.16,449.3 2 0
chenze-faka/internal/controller/admin_controller.go:450.2,450.26 1 0
chenze-faka/internal/controller/admin_controller.go:453.55,455.16 2 0
chenze-faka/internal/controller/admin_controller.go:455.16,458.3 2 0
chenze-faka/internal/controller/admin_controller.go:459.2,459.56 1 0
chenze-faka/internal/controller/admin_controller.go:459.56,462.3 2 0
chenze-faka/internal/controller/admin_controller.go:463.2,463.26 1 0
chenze-faka/internal/controller/admin_controller.go:466.53,468.16 2 0
chenze-faka/internal/controller/admin_controller.go:468.16,471.3 2 0
chenze-faka/internal/controller/admin_controller.go:472.2,472.64 1 0
chenze-faka/internal/controller/admin_controller.go:472.64,475.3 2 0
chenze-faka/internal/controller/admin_controller.go:476.2,476.26 1 0
chenze-faka/internal/controller/admin_controller.go:479.53,484.16 5 0
chenze-faka/internal/controller/admin_controller.go:484.16,487.3 2 0
chenze-faka/internal/controller/admin_controller.go:488.2,488.29 1 0
chenze-faka/internal/controller/admin_controller.go:493.57,499.16 6 1
chenze-faka/internal/controller/admin_controller.go:499.16,502.3 2 0
chenze-faka/internal/controller/admin_controller.go:503.2,503.29 1 1
chenze-faka/internal/controller/admin_controller.go:506.53,511.16 5 0
chenze-faka/internal/controller/admin_controller.go:511.16,514.3 2 0
chenze-faka/internal/controller/admin_controller.go:515.2,515.29 1 0
chenze-faka/internal/controller/admin_controller.go:520.52,525.16 5 0
chenze-faka/internal/controller/admin_controller.go:525.16,528.3 2 0
chenze-faka/internal/controller/admin_controller.go:529.2,529.29 1 0
chenze-faka/internal/controller/admin_controller.go:532.54,538.47 2 0
chenze-faka/internal/controller/admin_controller.go:538.47,541.3 2 0
chenze-faka/internal/controller/admin_controller.go:542.2,543.16 2 0
chenze-faka/internal/controller/admin_controller.go:543.16,546.3 2 0
chenze-faka/internal/controller/admin_controller.go:547.2,547.27 1 0
chenze-faka/internal/controller/admin_controller.go:550.54,558.47 2 0
chenze-faka/internal/controller/admin_controller.go:558.47,561.3 2 0
chenze-faka/internal/controller/admin_controller.go:562.2,563.16 2 0
chenze-faka/internal/controller/admin_controller.go:563.16,566.3 2 0
chenze-faka/internal/controller/admin_controller.go:567.2,567.27 1 0
chenze-faka/internal/controller/admin_controller.go:570.54,572.16 2 0
chenze-faka/internal/controller/admin_controller.go:572.16,575.3 2 0
chenze-faka/internal/controller/admin_controller.go:576.2,576.55 1 0
chenze-faka/internal/controller/admin_controller.go:576.55,579.3 2 0
chenze-faka/internal/controller/admin_controller.go:580.2,580.26 1 0
chenze-faka/internal/controller/admin_controller.go:583.52,585.16 2 0
chenze-faka/internal/controller/admin_controller.go:585.16,588.3 2 0
chenze-faka/internal/controller/admin_controller.go:589.2,590.16 2 0
chenze-faka/internal/controller/admin_controller.go:590.16,593.3 2 0
chenze-faka/internal/controller/admin_controller.go:594.2,594.27 1 0
chenze-faka/internal/controller/admin_controller.go:599.55,614.2 1 0
chenze-faka/internal/controller/admin_controller.go:616.58,631.47 2 1
chenze-faka/internal/controller/admin_controller.go:631.47,634.3 2 0
chenze-faka/internal/controller/admin_controller.go:636.2,639.4 1 1
chenze-faka/internal/controller/admin_controller.go:644.54,646.2 1 0
chenze-faka/internal/controller/admin_controller.go:648.55,650.2 1 0
chenze-faka/internal/controller/admin_controller.go:652.57,654.16 2 0
chenze-faka/internal/controller/admin_controller.go:654.16,657.3 2 0
chenze-faka/internal/controller/admin_controller.go:658.2,661.16 3 0
chenze-faka/internal/controller/admin_controller.go:661.16,664.3 2 0
chenze-faka/internal/controller/admin_controller.go:666.2,666.78 1 0
chenze-faka/internal/controller/admin_controller.go:666.78,669.3 2 0
chenze-faka/internal/controller/admin_controller.go:671.2,671.64 1 0
chenze-faka/internal/controller/admin_controller.go:674.56,675.56 1 0
chenze-faka/internal/controller/admin_controller.go:675.56,678.3 2 0
chenze-faka/internal/controller/admin_controller.go:679.2,679.55 1 0
chenze-faka/internal/controller/admin_controller.go:682.55,686.16 4 0
chenze-faka/internal/controller/admin_controller.go:686.16,689.3 2 0
chenze-faka/internal/controller/admin_controller.go:690.2,690.29 1 0
chenze-faka/internal/controller/admin_controller.go:695.54,697.16 2 0
chenze-faka/internal/controller/admin_controller.go:697.16,700.3 2 0
chenze-faka/internal/controller/admin_controller.go:701.2,707.14 6 0
chenze-faka/internal/controller/admin_controller.go:707.14,710.3 2 0
chenze-faka/internal/controller/admin_controller.go:712.2,713.16 2 0
chenze-faka/internal/controller/admin_controller.go:713.16,716.3 2 0
chenze-faka/internal/controller/admin_controller.go:718.2,718.30 1 0
chenze-faka/internal/controller/admin_controller.go:718.30,721.3 2 0
chenze-faka/internal/controller/admin_controller.go:723.2,724.20 2 0
chenze-faka/internal/controller/admin_controller.go:724.20,726.3 1 0
chenze-faka/internal/controller/admin_controller.go:728.2,730.37 3 0
chenze-faka/internal/controller/admin_controller.go:730.37,732.3 1 0
chenze-faka/internal/controller/admin_controller.go:734.2,735.16 2 0
chenze-faka/internal/controller/admin_controller.go:735.16,738.3 2 0
chenze-faka/internal/controller/admin_controller.go:740.2,747.4 1 0
chenze-faka/internal/controller/admin_controller.go:750.53,755.16 5 0
chenze-faka/internal/controller/admin_controller.go:755.16,758.3 2 0
chenze-faka/internal/controller/admin_controller.go:759.2,759.29 1 0
chenze-faka/internal/controller/admin_controller.go:762.54,764.16 2 0
chenze-faka/internal/controller/admin_controller.go:764.16,767.3 2 0
chenze-faka/internal/controller/admin_controller.go:768.2,768.61 1 0
chenze-faka/internal/controller/admin_controller.go:768.61,771.3 2 0
chenze-faka/internal/controller/admin_controller.go:772.2,772.26 1 0
chenze-faka/internal/controller/admin_controller.go:775.51,777.16 2 0
chenze-faka/internal/controller/admin_controller.go:777.16,780.3 2 0
chenze-faka/internal/controller/admin_controller.go:781.2,782.16 2 0
chenze-faka/internal/controller/admin_controller.go:782.16,785.3 2 0
chenze-faka/internal/controller/admin_controller.go:786.2,788.16 3 0
chenze-faka/internal/controller/admin_controller.go:788.16,791.3 2 0
chenze-faka/internal/controller/admin_controller.go:792.2,792.41 1 0
chenze-faka/internal/controller/auth_controller.go:35.154,44.2 1 54
chenze-faka/internal/controller/auth_controller.go:46.48,54.47 2 11
chenze-faka/internal/controller/auth_controller.go:54.47,57.3 2 2
chenze-faka/internal/controller/auth_controller.go:59.2,59.46 1 9
chenze-faka/internal/controller/auth_controller.go:59.46,60.50 1 2
chenze-faka/internal/controller/auth_controller.go:60.50,63.4 2 2
chenze-faka/internal/controller/auth_controller.go:66.2,67.16 2 7
chenze-faka/internal/controller/auth_controller.go:67.16,70.3 2 5
chenze-faka/internal/controller/auth_controller.go:72.2,79.4 1 2
chenze-faka/internal/controller/auth_controller.go:82.53,88.2 2 2
chenze-faka/internal/controller/auth_controller.go:90.51,96.47 2 7
chenze-faka/internal/controller/auth_controller.go:96.47,99.3 2 3
chenze-faka/internal/controller/auth_controller.go:101.2,102.16 2 4
chenze-faka/internal/controller/auth_controller.go:102.16,105.3 2 2
chenze-faka/internal/controller/auth_controller.go:107.2,110.4 1 2
chenze-faka/internal/controller/auth_controller.go:113.53,115.13 2 2
chenze-faka/internal/controller/auth_controller.go:115.13,118.3 2 1
chenze-faka/internal/controller/auth_controller.go:120.2,127.4 2 1
chenze-faka/internal/controller/auth_controller.go:130.56,134.2 1 1
chenze-faka/internal/controller/auth_controller.go:148.50,150.47 2 21
chenze-faka/internal/controller/auth_controller.go:150.47,153.3 2 2
chenze-faka/internal/controller/auth_controller.go:155.2,155.14 1 19
chenze-faka/internal/controller/auth_controller.go:155.14,156.79 1 4
chenze-faka/internal/controller/auth_controller.go:156.79,159.4 2 0
chenze-faka/internal/controller/auth_controller.go:160.3,161.9 2 4
chenze-faka/internal/controller/auth_controller.go:164.2,164.26 1 15
chenze-faka/internal/controller/auth_controller.go:164.26,167.3 2 3
chenze-faka/internal/controller/auth_controller.go:169.2,169.46 1 12
chenze-faka/internal/controller/auth_controller.go:169.46,172.3 2 5
chenze-faka/internal/controller/auth_controller.go:174.2,180.36 3 7
chenze-faka/internal/controller/auth_controller.go:180.36,182.17 2 3
chenze-faka/internal/controller/auth_controller.go:182.17,184.4 1 0
chenze-faka/internal/controller/auth_controller.go:185.3,186.9 2 3
chenze-faka/internal/controller/auth_controller.go:189.2,189.53 1 4
chenze-faka/internal/controller/auth_controller.go:189.53,192.3 2 0
chenze-faka/internal/controller/auth_controller.go:194.2,194.15 1 4
chenze-faka/internal/controller/auth_controller.go:194.15,195.47 1 1
chenze-faka/internal/controller/auth_controller.go:195.47,198.4 2 0
chenze-faka/internal/controller/auth_controller.go:201.2,201.47 1 4
chenze-faka/internal/controller/auth_controller.go:201.47,204.3 2 0
chenze-faka/internal/controller/auth_controller.go:206.2,208.29 3 4
chenze-faka/internal/controller/auth_controller.go:208.29,211.3 2 0
chenze-faka/internal/controller/auth_controller.go:213.2,223.55 4 4
chenze-faka/internal/controller/auth_controller.go:223.55,226.3 2 0
chenze-faka/internal/controller/auth_controller.go:228.2,243.26 2 4
chenze-faka/internal/controller/auth_controller.go:243.26,245.3 1 1
chenze-faka/internal/controller/auth_controller.go:246.2,246.29 1 4
chenze-faka/internal/controller/auth_controller.go:246.29,248.3 1 1
chenze-faka/internal/controller/auth_controller.go:250.2,250.56 1 4
chenze-faka/internal/controller/auth_controller.go:250.56,253.3 2 0
chenze-faka/internal/controller/auth_controller.go:255.2,255.80 1 4
chenze-faka/internal/controller/auth_controller.go:255.80,258.3 2 0
chenze-faka/internal/controller/auth_controller.go:260.2,262.4 1 4
chenze-faka/internal/controller/auth_controller.go:265.59,267.51 2 3
chenze-faka/internal/controller/auth_controller.go:267.51,269.3 1 1
chenze-faka/internal/controller/auth_controller.go:271.2,274.4 1 3
chenze-faka/internal/controller/auth_controller.go:293.51,303.16 3 7
chenze-faka/internal/controller/auth_controller.go:303.16,306.3 2 1
chenze-faka/internal/controller/auth_controller.go:308.2,308.28 1 6
chenze-faka/internal/controller/auth_controller.go:308.28,313.3 4 3
chenze-faka/internal/controller/auth_controller.go:315.2,316.16 2 3
chenze-faka/internal/controller/auth_controller.go:316.16,318.3 1 1
chenze-faka/internal/controller/auth_controller.go:319.2,320.15 2 3
chenze-faka/internal/controller/auth_controller.go:320.15,322.3 1 1
chenze-faka/internal/controller/auth_controller.go:324.2,328.16 3 3
chenze-faka/internal/controller/auth_controller.go:328.16,331.3 2 3
chenze-faka/internal/controller/auth_controller.go:332.2,333.16 2 0
chenze-faka/internal/controller/auth_controller.go:333.16,336.3 2 0
chenze-faka/internal/controller/auth_controller.go:337.2,339.37 2 0
chenze-faka/internal/controller/auth_controller.go:339.37,342.3 2 0
chenze-faka/internal/controller/auth_controller.go:344.2,346.43 3 0
chenze-faka/internal/controller/auth_controller.go:346.43,348.3 1 0
chenze-faka/internal/controller/auth_controller.go:350.2,352.27 3 0
chenze-faka/internal/controller/auth_controller.go:355.55,357.18 2 11
chenze-faka/internal/controller/auth_controller.go:357.18,359.3 1 2
chenze-faka/internal/controller/auth_controller.go:360.2,363.16 4 9
chenze-faka/internal/controller/auth_controller.go:363.16,365.3 1 4
chenze-faka/internal/controller/auth_controller.go:366.2,366.30 1 5
chenze-faka/internal/controller/auth_controller.go:366.30,368.3 1 3
chenze-faka/internal/controller/auth_controller.go:369.2,369.16 1 2
chenze-faka/internal/controller/auth_controller.go:372.53,374.18 2 5
chenze-faka/internal/controller/auth_controller.go:374.18,376.3 1 2
chenze-faka/internal/controller/auth_controller.go:377.2,380.16 4 3
chenze-faka/internal/controller/auth_controller.go:380.16,382.3 1 1
chenze-faka/internal/controller/auth_controller.go:383.2,383.30 1 2
chenze-faka/internal/controller/auth_controller.go:383.30,385.3 1 1
chenze-faka/internal/controller/auth_controller.go:386.2,386.17 1 1
chenze-faka/internal/controller/auth_controller.go:389.55,391.47 2 6
chenze-faka/internal/controller/auth_controller.go:391.47,394.3 2 0
chenze-faka/internal/controller/auth_controller.go:396.2,396.20 1 6
chenze-faka/internal/controller/auth_controller.go:396.20,398.3 1 0
chenze-faka/internal/controller/auth_controller.go:399.2,399.19 1 6
chenze-faka/internal/controller/auth_controller.go:399.19,401.3 1 0
chenze-faka/internal/controller/auth_controller.go:402.2,402.24 1 6
chenze-faka/internal/controller/auth_controller.go:402.24,405.3 2 1
chenze-faka/internal/controller/auth_controller.go:406.2,406.24 1 5
chenze-faka/internal/controller/auth_controller.go:406.24,409.3 2 1
chenze-faka/internal/controller/auth_controller.go:411.2,421.16 3 4
chenze-faka/internal/controller/auth_controller.go:421.16,424.3 2 4
chenze-faka/internal/controller/auth_controller.go:426.2,431.4 1 0
chenze-faka/internal/controller/auth_controller.go:434.56,439.47 2 6
chenze-faka/internal/controller/auth_controller.go:439.47,442.3 2 1
chenze-faka/internal/controller/auth_controller.go:444.2,444.26 1 5
chenze-faka/internal/controller/auth_controller.go:444.26,447.3 2 1
chenze-faka/internal/controller/auth_controller.go:449.2,450.16 2 4
chenze-faka/internal/controller/auth_controller.go:450.16,452.3 1 1
chenze-faka/internal/controller/auth_controller.go:454.2,471.16 4 4
chenze-faka/internal/controller/auth_controller.go:471.16,474.3 2 0
chenze-faka/internal/controller/auth_controller.go:476.2,476.29 1 4
chenze-faka/internal/controller/auth_controller.go:479.28,483.2 3 7
chenze-faka/internal/controller/auth_controller.go:485.49,489.2 3 10
chenze-faka/internal/controller/auth_controller.go:491.55,493.16 2 5
chenze-faka/internal/controller/auth_controller.go:493.16,495.3 1 0
chenze-faka/internal/controller/auth_controller.go:496.2,496.39 1 5
chenze-faka/internal/controller/auth_controller.go:499.49,501.2 1 6
chenze-faka/internal/controller/card_controller.go:15.42,19.2 1 18
chenze-faka/internal/controller/card_controller.go:21.49,27.47 2 4
chenze-faka/internal/controller/card_controller.go:27.47,30.3 2 1
chenze-faka/internal/controller/card_controller.go:32.2,33.23 2 3
chenze-faka/internal/controller/card_controller.go:33.23,36.3 2 1
chenze-faka/internal/controller/card_controller.go:38.2,39.16 2 2
chenze-faka/internal/controller/card_controller.go:39.16,42.3 2 0
chenze-faka/internal/controller/card_controller.go:44.2,44.29 1 2
chenze-faka/internal/controller/card_controller.go:47.50,49.16 2 2
chenze-faka/internal/controller/card_controller.go:49.16,52.3 2 0
chenze-faka/internal/controller/card_controller.go:54.2,55.16 2 2
chenze-faka/internal/controller/card_controller.go:55.16,58.3 2 1
chenze-faka/internal/controller/card_controller.go:60.2,60.27 1 1
chenze-faka/internal/controller/card_controller.go:63.47,70.16 6 2
chenze-faka/internal/controller/card_controller.go:70.16,73.3 2 0
chenze-faka/internal/controller/card_controller.go:75.2,75.29 1 2
chenze-faka/internal/controller/card_controller.go:78.49,80.16 2 2
chenze-faka/internal/controller/card_controller.go:80.16,83.3 2 1
chenze-faka/internal/controller/card_controller.go:85.2,85.55 1 1
chenze-faka/internal/controller/card_controller.go:85.55,88.3 2 0
chenze-faka/internal/controller/card_controller.go:90.2,90.26 1 1
chenze-faka/internal/controller/card_controller.go:93.57,95.16 2 3
chenze-faka/internal/controller/card_controller.go:95.16,98.3 2 0
chenze-faka/internal/controller/card_controller.go:100.2,101.16 2 3
chenze-faka/internal/controller/card_controller.go:101.16,104.3 2 0
chenze-faka/internal/controller/card_controller.go:106.2,109.4 1 3
chenze-faka/internal/controller/order_controller.go:18.69,23.2 1 34
chenze-faka/internal/controller/order_controller.go:25.50,27.47 2 38
chenze-faka/internal/controller/order_controller.go:27.47,30.3 2 3
chenze-faka/internal/controller/order_controller.go:32.2,33.16 2 35
chenze-faka/internal/controller/order_controller.go:33.16,36.3 2 4
chenze-faka/internal/controller/order_controller.go:38.2,38.29 1 31
chenze-faka/internal/controller/order_controller.go:41.49,46.16 4 5
chenze-faka/internal/controller/order_controller.go:46.16,49.3 2 2
chenze-faka/internal/controller/order_controller.go:51.2,51.29 1 3
chenze-faka/internal/controller/order_controller.go:54.56,59.16 4 5
chenze-faka/internal/controller/order_controller.go:59.16,62.3 2 1
chenze-faka/internal/controller/order_controller.go:64.2,64.29 1 4
chenze-faka/internal/controller/order_controller.go:67.50,69.42 2 8
chenze-faka/internal/controller/order_controller.go:69.42,70.22 1 29
chenze-faka/internal/controller/order_controller.go:70.22,72.4 1 29
chenze-faka/internal/controller/order_controller.go:75.2,75.26 1 8
chenze-faka/internal/controller/order_controller.go:75.26,76.60 1 4
chenze-faka/internal/controller/order_controller.go:76.60,79.4 2 1
chenze-faka/internal/controller/order_controller.go:82.2,85.35 4 7
chenze-faka/internal/controller/order_controller.go:85.35,86.54 1 6
chenze-faka/internal/controller/order_controller.go:86.54,88.4 1 6
chenze-faka/internal/controller/order_controller.go:91.2,92.28 2 7
chenze-faka/internal/controller/order_controller.go:92.28,95.3 2 3
chenze-faka/internal/controller/order_controller.go:97.2,97.26 1 4
chenze-faka/internal/controller/order_controller.go:100.50,102.19 2 7
chenze-faka/internal/controller/order_controller.go:102.19,104.17 2 5
chenze-faka/internal/controller/order_controller.go:104.17,107.4 2 3
chenze-faka/internal/controller/order_controller.go:109.2,112.4 1 4
chenze-faka/internal/controller/order_controller.go:115.48,122.16 6 13
chenze-faka/internal/controller/order_controller.go:122.16,125.3 2 0
chenze-faka/internal/controller/order_controller.go:127.2,127.29 1 13
chenze-faka/internal/controller/order_controller.go:130.116,132.2 1 6
chenze-faka/internal/controller/product_controller.go:15.48,19.2 1 9
chenze-faka/internal/controller/product_controller.go:21.50,27.16 5 1
chenze-faka/internal/controller/product_controller.go:27.16,30.3 2 0
chenze-faka/internal/controller/product_controller.go:32.2,32.29 1 1
chenze-faka/internal/controller/product_controller.go:35.53,37.16 2 1
chenze-faka/internal/controller/product_controller.go:37.16,40.3 2 0
chenze-faka/internal/controller/product_controller.go:42.2,42.31 1 1
chenze-faka/internal/controller/product_controller.go:45.60,47.16 2 0
chenze-faka/internal/controller/product_controller.go:47.16,50.3 2 0
chenze-faka/internal/controller/product_controller.go:52.2,52.31 1 0
chenze-faka/internal/controller/product_controller.go:55.53,57.16 2 2
chenze-faka/internal/controller/product_controller.go:57.16,60.3 2 0
chenze-faka/internal/controller/product_controller.go:62.2,63.16 2 2
chenze-faka/internal/controller/product_controller.go:63.16,66.3 2 1
chenze-faka/internal/controller/product_controller.go:68.2,68.30 1 1
chenze-faka/internal/controller/product_controller.go:71.52,73.47 2 0
chenze-faka/internal/controller/product_controller.go:73.47,76.3 2 0
chenze-faka/internal/controller/product_controller.go:78.2,79.16 2 0
chenze-faka/internal/controller/product_controller.go:79.16,82.3 2 0
chenze-faka/internal/controller/product_controller.go:84.2,84.30 1 0
chenze-faka/internal/controller/product_controller.go:87.52,89.47 2 0
chenze-faka/internal/controller/product_controller.go:89.47,92.3 2 0
chenze-faka/internal/controller/product_controller.go:94.2,95.16 2 0
chenze-faka/internal/controller/product_controller.go:95.16,98.3 2 0
chenze-faka/internal/controller/product_controller.go:100.2,100.30 1 0
chenze-faka/internal/controller/product_controller.go:103.52,105.16 2 0
chenze-faka/internal/controller/product_controller.go:105.16,108.3 2 0
chenze-faka/internal/controller/product_controller.go:110.2,110.58 1 0
chenze-faka/internal/controller/product_controller.go:110.58,113.3 2 0
chenze-faka/internal/controller/product_controller.go:115.2,115.26 1 0
chenze-faka/internal/service/auth_service.go:16.36,18.2 1 27
chenze-faka/internal/service/auth_service.go:20.80,21.38 1 35
chenze-faka/internal/service/auth_service.go:21.38,23.3 1 8
chenze-faka/internal/service/auth_service.go:25.2,25.24 1 27
chenze-faka/internal/service/auth_service.go:25.24,27.3 1 1
chenze-faka/internal/service/auth_service.go:29.2,31.16 3 26
chenze-faka/internal/service/auth_service.go:31.16,33.3 1 3
chenze-faka/internal/service/auth_service.go:35.2,45.55 4 23
chenze-faka/internal/service/auth_service.go:45.55,47.3 1 0
chenze-faka/internal/service/auth_service.go:49.2,49.18 1 23
chenze-faka/internal/service/auth_service.go:52.113,53.24 1 21
chenze-faka/internal/service/auth_service.go:53.24,54.52 1 7
chenze-faka/internal/service/auth_service.go:54.52,61.18 3 3
chenze-faka/internal/service/auth_service.go:61.18,63.5 1 0
chenze-faka/internal/service/auth_service.go:64.4,64.27 1 3
chenze-faka/internal/service/auth_service.go:66.3,66.57 1 4
chenze-faka/internal/service/auth_service.go:69.2,70.87 2 14
chenze-faka/internal/service/auth_service.go:70.87,72.3 1 3
chenze-faka/internal/service/auth_service.go:74.2,75.41 2 11
chenze-faka/internal/service/auth_service.go:75.41,77.3 1 3
chenze-faka/internal/service/auth_service.go:79.2,80.16 2 8
chenze-faka/internal/service/auth_service.go:80.16,82.3 1 0
chenze-faka/internal/service/auth_service.go:84.2,87.26 3 8
chenze-faka/internal/service/auth_service.go:90.89,91.79 1 19
chenze-faka/internal/service/auth_service.go:91.79,92.54 1 13
chenze-faka/internal/service/auth_service.go:92.54,94.4 1 1
chenze-faka/internal/service/auth_service.go:95.3,95.32 1 12
chenze-faka/internal/service/auth_service.go:98.2,98.16 1 19
chenze-faka/internal/service/auth_service.go:98.16,100.3 1 13
chenze-faka/internal/service/auth_service.go:102.2,102.67 1 6
chenze-faka/internal/service/auth_service.go:102.67,104.3 1 6
chenze-faka/internal/service/auth_service.go:106.2,106.43 1 0
chenze-faka/internal/service/auth_service.go:109.65,110.24 1 7
chenze-faka/internal/service/auth_service.go:110.24,112.3 1 1
chenze-faka/internal/service/auth_service.go:114.2,115.59 2 6
chenze-faka/internal/service/auth_service.go:115.59,117.3 1 2
chenze-faka/internal/service/auth_service.go:118.2,118.19 1 4
chenze-faka/internal/service/auth_service.go:121.86,122.22 1 14
chenze-faka/internal/service/auth_service.go:122.22,124.3 1 2
chenze-faka/internal/service/auth_service.go:126.2,137.43 4 14
chenze-faka/internal/service/auth_service.go:140.45,141.24 1 5
chenze-faka/internal/service/auth_service.go:141.24,143.3 1 1
chenze-faka/internal/service/auth_service.go:144.2,146.18 3 4
chenze-faka/internal/service/card_service.go:20.36,23.2 2 43
chenze-faka/internal/service/card_service.go:39.68,41.2 1 120
chenze-faka/internal/service/card_service.go:43.71,45.2 1 79
chenze-faka/internal/service/card_service.go:47.97,48.24 1 51
chenze-faka/internal/service/card_service.go:48.24,50.3 1 1
chenze-faka/internal/service/card_service.go:52.2,53.69 2 50
chenze-faka/internal/service/card_service.go:53.69,55.3 1 2
chenze-faka/internal/service/card_service.go:57.2,62.33 2 48
chenze-faka/internal/service/card_service.go:62.33,64.19 2 129
chenze-faka/internal/service/card_service.go:64.19,66.12 2 21
chenze-faka/internal/service/card_service.go:69.3,70.17 2 108
chenze-faka/internal/service/card_service.go:70.17,73.12 3 0
chenze-faka/internal/service/card_service.go:76.3,78.17 3 108
chenze-faka/internal/service/card_service.go:78.17,80.12 2 0
chenze-faka/internal/service/card_service.go:82.3,82.60 1 108
chenze-faka/internal/service/card_service.go:82.60,85.12 3 0
chenze-faka/internal/service/card_service.go:88.3,94.56 2 108
chenze-faka/internal/service/card_service.go:94.56,96.12 2 0
chenze-faka/internal/service/card_service.go:98.3,98.20 1 108
chenze-faka/internal/service/card_service.go:101.2,104.20 2 48
chenze-faka/internal/service/card_service.go:107.59,110.21 3 3
chenze-faka/internal/service/card_service.go:110.21,112.17 2 8
chenze-faka/internal/service/card_service.go:112.17,114.4 1 6
chenze-faka/internal/service/card_service.go:116.2,116.14 1 3
chenze-faka/internal/service/card_service.go:119.61,120.24 1 9
chenze-faka/internal/service/card_service.go:120.24,122.3 1 2
chenze-faka/internal/service/card_service.go:124.2,125.59 2 7
chenze-faka/internal/service/card_service.go:125.59,127.3 1 5
chenze-faka/internal/service/card_service.go:128.2,129.16 2 2
chenze-faka/internal/service/card_service.go:129.16,131.3 1 2
chenze-faka/internal/service/card_service.go:131.8,133.3 1 0
chenze-faka/internal/service/card_service.go:134.2,134.19 1 2
chenze-faka/internal/service/card_service.go:137.96,138.15 1 16
chenze-faka/internal/service/card_service.go:138.15,140.3 1 2
chenze-faka/internal/service/card_service.go:141.2,141.19 1 16
chenze-faka/internal/service/card_service.go:141.19,143.3 1 2
chenze-faka/internal/service/card_service.go:145.2,145.24 1 16
chenze-faka/internal/service/card_service.go:145.24,147.3 1 2
chenze-faka/internal/service/card_service.go:149.2,153.19 4 14
chenze-faka/internal/service/card_service.go:153.19,155.3 1 3
chenze-faka/internal/service/card_service.go:156.2,156.17 1 14
chenze-faka/internal/service/card_service.go:156.17,158.3 1 4
chenze-faka/internal/service/card_service.go:160.2,160.50 1 14
chenze-faka/internal/service/card_service.go:160.50,162.3 1 0
chenze-faka/internal/service/card_service.go:164.2,165.97 2 14
chenze-faka/internal/service/card_service.go:165.97,167.3 1 0
chenze-faka/internal/service/card_service.go:169.2,169.23 1 14
chenze-faka/internal/service/card_service.go:169.23,171.17 2 26
chenze-faka/internal/service/card_service.go:171.17,173.4 1 26
chenze-faka/internal/service/card_service.go:173.9,175.4 1 0
chenze-faka/internal/service/card_service.go:178.2,183.8 1 14
chenze-faka/internal/service/card_service.go:186.45,187.24 1 6
chenze-faka/internal/service/card_service.go:187.24,189.3 1 2
chenze-faka/internal/service/card_service.go:190.2,190.52 1 4
chenze-faka/internal/service/card_service.go:193.69,194.24 1 7
chenze-faka/internal/service/card_service.go:194.24,196.3 1 0
chenze-faka/internal/service/card_service.go:198.2,202.19 3 7
chenze-faka/internal/service/card_service.go:205.90,206.24 1 11
chenze-faka/internal/service/card_service.go:206.24,208.3 1 2
chenze-faka/internal/service/card_service.go:210.2,213.16 3 9
chenze-faka/internal/service/card_service.go:213.16,215.3 1 0
chenze-faka/internal/service/card_service.go:217.2,217.23 1 9
chenze-faka/internal/service/card_service.go:217.23,219.17 2 16
chenze-faka/internal/service/card_service.go:219.17,221.4 1 16
chenze-faka/internal/service/card_service.go:223.2,223.19 1 9
chenze-faka/internal/service/card_service.go:226.65,227.24 1 5
chenze-faka/internal/service/card_service.go:227.24,229.3 1 2
chenze-faka/internal/service/card_service.go:230.2,235.11 1 3
chenze-faka/internal/service/card_service.go:238.90,239.24 1 20
chenze-faka/internal/service/card_service.go:239.24,241.3 1 2
chenze-faka/internal/service/card_service.go:242.2,244.19 3 18
chenze-faka/internal/service/card_service.go:244.19,246.3 1 13
chenze-faka/internal/service/card_service.go:247.2,247.17 1 18
chenze-faka/internal/service/card_service.go:247.17,249.3 1 9
chenze-faka/internal/service/card_service.go:250.2,250.66 1 18
chenze-faka/internal/service/card_service.go:250.66,252.3 1 0
chenze-faka/internal/service/card_service.go:254.2,255.26 2 18
chenze-faka/internal/service/card_service.go:255.26,258.17 3 33
chenze-faka/internal/service/card_service.go:258.17,260.4 1 33
chenze-faka/internal/service/card_service.go:261.3,262.39 2 33
chenze-faka/internal/service/card_service.go:262.39,264.4 1 3
chenze-faka/internal/service/card_service.go:265.3,266.22 2 33
chenze-faka/internal/service/card_service.go:266.22,268.4 1 3
chenze-faka/internal/service/card_service.go:269.3,276.5 1 33
chenze-faka/internal/service/card_service.go:278.2,278.19 1 18
chenze-faka/internal/service/card_service.go:281.75,282.24 1 13
chenze-faka/internal/service/card_service.go:282.24,284.3 1 2
chenze-faka/internal/service/card_service.go:285.2,286.16 2 11
chenze-faka/internal/service/card_service.go:286.16,288.3 1 0
chenze-faka/internal/service/card_service.go:289.2,291.16 3 11
chenze-faka/internal/service/card_service.go:291.16,293.3 1 11
chenze-faka/internal/service/card_service.go:294.2,296.19 3 0
chenze-faka/internal/service/category_service.go:12.44,14.2 1 6
chenze-faka/internal/service/category_service.go:23.95,24.16 1 12
chenze-faka/internal/service/category_service.go:24.16,26.3 1 1
chenze-faka/internal/service/category_service.go:27.2,27.24 1 11
chenze-faka/internal/service/category_service.go:27.24,29.3 1 0
chenze-faka/internal/service/category_service.go:30.2,31.54 2 11
chenze-faka/internal/service/category_service.go:31.54,33.3 1 0
chenze-faka/internal/service/category_service.go:34.2,34.17 1 11
chenze-faka/internal/service/category_service.go:37.116,38.24 1 6
chenze-faka/internal/service/category_service.go:38.24,40.3 1 0
chenze-faka/internal/service/category_service.go:41.2,42.58 2 6
chenze-faka/internal/service/category_service.go:42.58,44.3 1 2
chenze-faka/internal/service/category_service.go:45.2,45.16 1 4
chenze-faka/internal/service/category_service.go:45.16,47.3 1 3
chenze-faka/internal/service/category_service.go:48.2,50.53 3 4
chenze-faka/internal/service/category_service.go:50.53,52.3 1 4
chenze-faka/internal/service/category_service.go:53.2,53.53 1 4
chenze-faka/internal/service/category_service.go:53.53,55.3 1 0
chenze-faka/internal/service/category_service.go:56.2,56.18 1 4
chenze-faka/internal/service/category_service.go:59.49,60.24 1 1
chenze-faka/internal/service/category_service.go:60.24,62.3 1 0
chenze-faka/internal/service/category_service.go:63.2,63.56 1 1
chenze-faka/internal/service/category_service.go:66.62,67.24 1 1
chenze-faka/internal/service/category_service.go:67.24,69.3 1 0
chenze-faka/internal/service/category_service.go:70.2,72.18 3 1
chenze-faka/internal/service/category_service.go:75.97,76.15 1 6
chenze-faka/internal/service/category_service.go:76.15,78.3 1 1
chenze-faka/internal/service/category_service.go:79.2,79.19 1 6
chenze-faka/internal/service/category_service.go:79.19,81.3 1 1
chenze-faka/internal/service/category_service.go:82.2,82.24 1 6
chenze-faka/internal/service/category_service.go:82.24,84.3 1 0
chenze-faka/internal/service/category_service.go:85.2,88.19 4 6
chenze-faka/internal/service/category_service.go:88.19,90.3 1 1
chenze-faka/internal/service/category_service.go:91.2,91.50 1 6
chenze-faka/internal/service/category_service.go:91.50,93.3 1 0
chenze-faka/internal/service/category_service.go:94.2,95.106 2 6
chenze-faka/internal/service/category_service.go:95.106,97.3 1 0
chenze-faka/internal/service/category_service.go:98.2,98.92 1 6
chenze-faka/internal/service/dashboard_service.go:13.46,15.2 1 0
chenze-faka/internal/service/dashboard_service.go:52.64,53.24 1 0
chenze-faka/internal/service/dashboard_service.go:53.24,55.3 1 0
chenze-faka/internal/service/dashboard_service.go:57.2,119.19 29 0
chenze-faka/internal/service/dashboard_service.go:122.57,125.26 3 0
chenze-faka/internal/service/dashboard_service.go:125.26,135.3 6 0
chenze-faka/internal/service/dashboard_service.go:136.2,136.15 1 0
chenze-faka/internal/service/dashboard_service.go:139.77,140.24 1 0
chenze-faka/internal/service/dashboard_service.go:140.24,142.3 1 0
chenze-faka/internal/service/dashboard_service.go:143.2,153.8 6 0
chenze-faka/internal/service/email_service.go:16.38,18.2 1 0
chenze-faka/internal/service/email_service.go:27.83,28.46 1 0
chenze-faka/internal/service/email_service.go:28.46,30.3 1 0
chenze-faka/internal/service/email_service.go:31.2,31.24 1 0
chenze-faka/internal/service/email_service.go:31.24,33.3 1 0
chenze-faka/internal/service/email_service.go:34.2,34.23 1 0
chenze-faka/internal/service/email_service.go:34.23,36.3 1 0
chenze-faka/internal/service/email_service.go:37.2,37.54 1 0
chenze-faka/internal/service/email_service.go:37.54,39.3 1 0
chenze-faka/internal/service/email_service.go:40.2,40.17 1 0
chenze-faka/internal/service/email_service.go:43.92,44.24 1 0
chenze-faka/internal/service/email_service.go:44.24,46.3 1 0
chenze-faka/internal/service/email_service.go:47.2,48.63 2 0
chenze-faka/internal/service/email_service.go:48.63,50.3 1 0
chenze-faka/internal/service/email_service.go:51.2,51.24 1 0
chenze-faka/internal/service/email_service.go:51.24,53.3 1 0
chenze-faka/internal/service/email_service.go:54.2,54.22 1 0
chenze-faka/internal/service/email_service.go:54.22,56.3 1 0
chenze-faka/internal/service/email_service.go:57.2,57.24 1 0
chenze-faka/internal/service/email_service.go:57.24,59.3 1 0
chenze-faka/internal/service/email_service.go:60.2,60.24 1 0
chenze-faka/internal/service/email_service.go:60.24,62.3 1 0
chenze-faka/internal/service/email_service.go:63.2,63.22 1 0
chenze-faka/internal/service/email_service.go:63.22,65.3 1 0
chenze-faka/internal/service/email_service.go:66.2,68.58 3 0
chenze-faka/internal/service/email_service.go:68.58,70.3 1 0
chenze-faka/internal/service/email_service.go:71.2,71.23 1 0
chenze-faka/internal/service/email_service.go:74.46,75.24 1 0
chenze-faka/internal/service/email_service.go:75.24,77.3 1 0
chenze-faka/internal/service/email_service.go:78.2,78.59 1 0
chenze-faka/internal/service/email_service.go:81.75,82.15 1 0
chenze-faka/internal/service/email_service.go:82.15,84.3 1 0
chenze-faka/internal/service/email_service.go:85.2,85.19 1 0
chenze-faka/internal/service/email_service.go:85.19,87.3 1 0
chenze-faka/internal/service/email_service.go:88.2,88.24 1 0
chenze-faka/internal/service/email_service.go:88.24,90.3 1 0
chenze-faka/internal/service/email_service.go:91.2,93.84 3 0
chenze-faka/internal/service/email_service.go:93.84,95.3 1 0
chenze-faka/internal/service/email_service.go:96.2,97.103 2 0
chenze-faka/internal/service/email_service.go:97.103,99.3 1 0
chenze-faka/internal/service/email_service.go:100.2,100.90 1 0
chenze-faka/internal/service/email_service.go:103.54,104.24 1 0
chenze-faka/internal/service/email_service.go:104.24,106.3 1 0
chenze-faka/internal/service/email_service.go:107.2,108.58 2 0
chenze-faka/internal/service/email_service.go:108.58,110.3 1 0
chenze-faka/internal/service/email_service.go:111.2,111.30 1 0
chenze-faka/internal/service/email_service.go:114.68,119.2 3 0
chenze-faka/internal/service/email_service.go:121.112,122.24 1 0
chenze-faka/internal/service/email_service.go:122.24,124.3 1 0
chenze-faka/internal/service/email_service.go:125.2,126.77 2 0
chenze-faka/internal/service/email_service.go:126.77,128.3 1 0
chenze-faka/internal/service/email_service.go:130.2,133.16 4 0
chenze-faka/internal/service/email_service.go:133.16,136.3 2 0
chenze-faka/internal/service/email_service.go:138.2,138.31 1 0
chenze-faka/internal/service/email_service.go:138.31,148.3 2 0
chenze-faka/internal/service/email_service.go:149.2,149.12 1 0
chenze-faka/internal/service/email_service.go:152.127,154.16 2 0
chenze-faka/internal/service/email_service.go:154.16,156.3 1 0
chenze-faka/internal/service/email_service.go:158.2,164.16 4 0
chenze-faka/internal/service/email_service.go:164.16,169.17 3 0
chenze-faka/internal/service/email_service.go:169.17,171.4 1 0
chenze-faka/internal/service/email_service.go:172.3,175.17 3 0
chenze-faka/internal/service/email_service.go:175.17,177.4 1 0
chenze-faka/internal/service/email_service.go:178.3,180.43 2 0
chenze-faka/internal/service/email_service.go:180.43,182.4 1 0
chenze-faka/internal/service/email_service.go:183.3,183.43 1 0
chenze-faka/internal/service/email_service.go:183.43,185.4 1 0
chenze-faka/internal/service/email_service.go:186.3,186.32 1 0
chenze-faka/internal/service/email_service.go:186.32,187.41 1 0
chenze-faka/internal/service/email_service.go:187.41,189.5 1 0
chenze-faka/internal/service/email_service.go:191.3,192.17 2 0
chenze-faka/internal/service/email_service.go:192.17,194.4 1 0
chenze-faka/internal/service/email_service.go:195.3,196.17 2 0
chenze-faka/internal/service/email_service.go:196.17,198.4 1 0
chenze-faka/internal/service/email_service.go:199.3,199.19 1 0
chenze-faka/internal/service/email_service.go:202.2,202.65 1 0
chenze-faka/internal/service/license_service.go:69.66,70.16 1 0
chenze-faka/internal/service/license_service.go:70.16,72.3 1 0
chenze-faka/internal/service/license_service.go:73.2,73.23 1 0
chenze-faka/internal/service/license_service.go:73.23,75.3 1 0
chenze-faka/internal/service/license_service.go:76.2,76.22 1 0
chenze-faka/internal/service/license_service.go:76.22,78.3 1 0
chenze-faka/internal/service/license_service.go:79.2,79.25 1 0
chenze-faka/internal/service/license_service.go:79.25,81.3 1 0
chenze-faka/internal/service/license_service.go:82.2,82.23 1 0
chenze-faka/internal/service/license_service.go:82.23,84.3 1 0
chenze-faka/internal/service/license_service.go:85.2,85.26 1 0
chenze-faka/internal/service/license_service.go:85.26,87.3 1 0
chenze-faka/internal/service/license_service.go:88.2,88.25 1 0
chenze-faka/internal/service/license_service.go:88.25,90.3 1 0
chenze-faka/internal/service/license_service.go:92.2,93.23 2 0
chenze-faka/internal/service/license_service.go:93.23,95.3 1 0
chenze-faka/internal/service/license_service.go:96.2,96.57 1 0
chenze-faka/internal/service/license_service.go:96.57,98.3 1 0
chenze-faka/internal/service/license_service.go:99.2,99.24 1 0
chenze-faka/internal/service/license_service.go:99.24,102.3 2 0
chenze-faka/internal/service/license_service.go:104.2,111.10 3 0
chenze-faka/internal/service/license_service.go:114.49,115.20 1 0
chenze-faka/internal/service/license_service.go:115.20,120.3 4 0
chenze-faka/internal/service/license_service.go:122.2,125.18 3 0
chenze-faka/internal/service/license_service.go:125.18,127.3 1 0
chenze-faka/internal/service/license_service.go:128.2,128.20 1 0
chenze-faka/internal/service/license_service.go:128.20,130.3 1 0
chenze-faka/internal/service/license_service.go:132.2,133.18 2 0
chenze-faka/internal/service/license_service.go:133.18,135.3 1 0
chenze-faka/internal/service/license_service.go:136.2,136.18 1 0
chenze-faka/internal/service/license_service.go:136.18,138.3 1 0
chenze-faka/internal/service/license_service.go:139.2,139.18 1 0
chenze-faka/internal/service/license_service.go:139.18,141.3 1 0
chenze-faka/internal/service/license_service.go:143.2,156.16 5 0
chenze-faka/internal/service/license_service.go:156.16,158.3 1 0
chenze-faka/internal/service/license_service.go:160.2,161.37 2 0
chenze-faka/internal/service/license_service.go:161.37,164.17 3 0
chenze-faka/internal/service/license_service.go:164.17,166.12 2 0
chenze-faka/internal/service/license_service.go:169.3,170.68 2 0
chenze-faka/internal/service/license_service.go:170.68,173.12 3 0
chenze-faka/internal/service/license_service.go:175.3,183.57 7 0
chenze-faka/internal/service/license_service.go:183.57,193.4 9 0
chenze-faka/internal/service/license_service.go:195.3,196.16 2 0
chenze-faka/internal/service/license_service.go:199.2,202.22 3 0
chenze-faka/internal/service/license_service.go:202.22,204.3 1 0
chenze-faka/internal/service/license_service.go:205.2,205.36 1 0
chenze-faka/internal/service/license_service.go:208.103,225.16 4 0
chenze-faka/internal/service/license_service.go:225.16,227.3 1 0
chenze-faka/internal/service/license_service.go:229.2,234.8 2 0
chenze-faka/internal/service/license_service.go:234.8,238.3 3 0
chenze-faka/internal/service/license_service.go:240.2,240.20 1 0
chenze-faka/internal/service/license_service.go:243.44,247.2 3 0
chenze-faka/internal/service/license_service.go:249.52,253.34 3 0
chenze-faka/internal/service/license_service.go:253.34,255.3 1 0
chenze-faka/internal/service/license_service.go:257.2,259.23 3 0
chenze-faka/internal/service/license_service.go:262.51,268.2 5 0
chenze-faka/internal/service/license_service.go:270.48,271.20 1 0
chenze-faka/internal/service/license_service.go:271.20,273.3 1 0
chenze-faka/internal/service/license_service.go:275.2,281.12 5 0
chenze-faka/internal/service/license_service.go:281.12,282.7 1 0
chenze-faka/internal/service/license_service.go:282.7,283.11 1 0
chenze-faka/internal/service/license_service.go:284.20,285.15 1 0
chenze-faka/internal/service/license_service.go:286.20,288.11 2 0
chenze-faka/internal/service/license_service.go:294.47,295.21 1 0
chenze-faka/internal/service/license_service.go:295.21,296.10 1 0
chenze-faka/internal/service/license_service.go:297.31,297.31 0 0
chenze-faka/internal/service/license_service.go:298.11,298.11 0 0
chenze-faka/internal/service/license_service.go:303.50,310.2 6 0
chenze-faka/internal/service/license_service.go:312.38,314.16 2 0
chenze-faka/internal/service/license_service.go:314.16,317.3 2 0
chenze-faka/internal/service/license_service.go:319.2,320.53 2 0
chenze-faka/internal/service/license_service.go:320.53,323.3 2 0
chenze-faka/internal/service/license_service.go:325.2,325.18 1 0
chenze-faka/internal/service/license_service.go:328.38,329.20 1 0
chenze-faka/internal/service/license_service.go:329.20,331.3 1 0
chenze-faka/internal/service/license_service.go:333.2,334.16 2 0
chenze-faka/internal/service/license_service.go:334.16,336.3 1 0
chenze-faka/internal/service/license_service.go:338.2,338.43 1 0
chenze-faka/internal/service/license_service.go:341.33,344.2 2 0
chenze-faka/internal/service/license_service.go:346.45,350.2 3 0
chenze-faka/internal/service/license_service.go:352.27,354.16 2 0
chenze-faka/internal/service/license_service.go:354.16,356.3 1 0
chenze-faka/internal/service/license_service.go:357.2,357.17 1 0
chenze-faka/internal/service/log_service.go:12.34,14.2 1 0
chenze-faka/internal/service/log_service.go:16.132,17.24 1 0
chenze-faka/internal/service/log_service.go:17.24,19.3 1 0
chenze-faka/internal/service/log_service.go:20.2,31.25 2 0
chenze-faka/internal/service/log_service.go:34.75,35.24 1 0
chenze-faka/internal/service/log_service.go:35.24,37.3 1 0
chenze-faka/internal/service/log_service.go:38.2,44.25 2 0
chenze-faka/internal/service/log_service.go:54.114,55.15 1 0
chenze-faka/internal/service/log_service.go:55.15,57.3 1 0
chenze-faka/internal/service/log_service.go:58.2,58.19 1 0
chenze-faka/internal/service/log_service.go:58.19,60.3 1 0
chenze-faka/internal/service/log_service.go:61.2,61.24 1 0
chenze-faka/internal/service/log_service.go:61.24,63.3 1 0
chenze-faka/internal/service/log_service.go:64.2,67.20 4 0
chenze-faka/internal/service/log_service.go:67.20,69.3 1 0
chenze-faka/internal/service/log_service.go:70.2,70.18 1 0
chenze-faka/internal/service/log_service.go:70.18,72.3 1 0
chenze-faka/internal/service/log_service.go:73.2,73.50 1 0
chenze-faka/internal/service/log_service.go:73.50,75.3 1 0
chenze-faka/internal/service/log_service.go:76.2,77.97 2 0
chenze-faka/internal/service/log_service.go:77.97,79.3 1 0
chenze-faka/internal/service/log_service.go:80.2,80.97 1 0
chenze-faka/internal/service/log_service.go:90.97,91.15 1 0
chenze-faka/internal/service/log_service.go:91.15,93.3 1 0
chenze-faka/internal/service/log_service.go:94.2,94.19 1 0
chenze-faka/internal/service/log_service.go:94.19,96.3 1 0
chenze-faka/internal/service/log_service.go:97.2,97.24 1 0
chenze-faka/internal/service/log_service.go:97.24,99.3 1 0
chenze-faka/internal/service/log_service.go:100.2,103.19 4 0
chenze-faka/internal/service/log_service.go:103.19,105.3 1 0
chenze-faka/internal/service/log_service.go:106.2,106.50 1 0
chenze-faka/internal/service/log_service.go:106.50,108.3 1 0
chenze-faka/internal/service/log_service.go:109.2,110.97 2 0
chenze-faka/internal/service/log_service.go:110.97,112.3 1 0
chenze-faka/internal/service/log_service.go:113.2,113.93 1 0
chenze-faka/internal/service/log_service.go:123.95,124.15 1 0
chenze-faka/internal/service/log_service.go:124.15,126.3 1 0
chenze-faka/internal/service/log_service.go:127.2,127.19 1 0
chenze-faka/internal/service/log_service.go:127.19,129.3 1 0
chenze-faka/internal/service/log_service.go:130.2,130.24 1 0
chenze-faka/internal/service/log_service.go:130.24,132.3 1 0
chenze-faka/internal/service/log_service.go:133.2,136.17 4 0
chenze-faka/internal/service/log_service.go:136.17,138.3 1 0
chenze-faka/internal/service/log_service.go:139.2,139.50 1 0
chenze-faka/internal/service/log_service.go:139.50,141.3 1 0
chenze-faka/internal/service/log_service.go:142.2,143.97 2 0
chenze-faka/internal/service/log_service.go:143.97,145.3 1 0
chenze-faka/internal/service/log_service.go:146.2,146.93 1 0
chenze-faka/internal/service/log_service.go:156.98,157.24 1 0
chenze-faka/internal/service/log_service.go:157.24,159.3 1 0
chenze-faka/internal/service/log_service.go:160.2,163.20 4 0
chenze-faka/internal/service/log_service.go:163.20,165.3 1 0
chenze-faka/internal/service/log_service.go:166.2,166.50 1 0
chenze-faka/internal/service/log_service.go:166.50,168.3 1 0
chenze-faka/internal/service/log_service.go:169.2,170.97 2 0
chenze-faka/internal/service/log_service.go:170.97,172.3 1 0
chenze-faka/internal/service/log_service.go:173.2,173.93 1 0
chenze-faka/internal/service/node_service.go:14.36,16.2 1 0
chenze-faka/internal/service/node_service.go:25.81,26.29 1 0
chenze-faka/internal/service/node_service.go:26.29,28.3 1 0
chenze-faka/internal/service/node_service.go:29.2,29.24 1 0
chenze-faka/internal/service/node_service.go:29.24,31.3 1 0
chenze-faka/internal/service/node_service.go:32.2,33.55 2 0
chenze-faka/internal/service/node_service.go:33.55,35.3 1 0
chenze-faka/internal/service/node_service.go:36.2,36.18 1 0
chenze-faka/internal/service/node_service.go:39.98,40.24 1 0
chenze-faka/internal/service/node_service.go:40.24,42.3 1 0
chenze-faka/internal/service/node_service.go:43.2,44.59 2 0
chenze-faka/internal/service/node_service.go:44.59,46.3 1 0
chenze-faka/internal/service/node_service.go:47.2,47.16 1 0
chenze-faka/internal/service/node_service.go:47.16,49.3 1 0
chenze-faka/internal/service/node_service.go:50.2,50.15 1 0
chenze-faka/internal/service/node_service.go:50.15,52.3 1 0
chenze-faka/internal/service/node_service.go:53.2,55.54 3 0
chenze-faka/internal/service/node_service.go:55.54,57.3 1 0
chenze-faka/internal/service/node_service.go:58.2,58.19 1 0
chenze-faka/internal/service/node_service.go:61.45,62.24 1 0
chenze-faka/internal/service/node_service.go:62.24,64.3 1 0
chenze-faka/internal/service/node_service.go:65.2,65.52 1 0
chenze-faka/internal/service/node_service.go:68.58,69.24 1 0
chenze-faka/internal/service/node_service.go:69.24,71.3 1 0
chenze-faka/internal/service/node_service.go:72.2,73.59 2 0
chenze-faka/internal/service/node_service.go:73.59,75.3 1 0
chenze-faka/internal/service/node_service.go:77.2,83.59 6 0
chenze-faka/internal/service/node_service.go:83.59,85.3 1 0
chenze-faka/internal/service/node_service.go:85.8,87.3 1 0
chenze-faka/internal/service/node_service.go:88.2,90.54 3 0
chenze-faka/internal/service/node_service.go:90.54,92.3 1 0
chenze-faka/internal/service/node_service.go:93.2,93.19 1 0
chenze-faka/internal/service/node_service.go:96.89,97.15 1 0
chenze-faka/internal/service/node_service.go:97.15,99.3 1 0
chenze-faka/internal/service/node_service.go:100.2,100.19 1 0
chenze-faka/internal/service/node_service.go:100.19,102.3 1 0
chenze-faka/internal/service/node_service.go:103.2,103.24 1 0
chenze-faka/internal/service/node_service.go:103.24,105.3 1 0
chenze-faka/internal/service/node_service.go:106.2,109.19 4 0
chenze-faka/internal/service/node_service.go:109.19,111.3 1 0
chenze-faka/internal/service/node_service.go:112.2,112.50 1 0
chenze-faka/internal/service/node_service.go:112.50,114.3 1 0
chenze-faka/internal/service/node_service.go:115.2,116.97 2 0
chenze-faka/internal/service/node_service.go:116.97,118.3 1 0
chenze-faka/internal/service/node_service.go:119.2,119.89 1 0
chenze-faka/internal/service/node_service.go:122.58,123.24 1 0
chenze-faka/internal/service/node_service.go:123.24,125.3 1 0
chenze-faka/internal/service/node_service.go:126.2,130.16 3 0
chenze-faka/internal/service/node_service.go:130.16,132.3 1 0
chenze-faka/internal/service/node_service.go:133.2,133.19 1 0
chenze-faka/internal/service/order_service.go:16.38,18.2 1 27
chenze-faka/internal/service/order_service.go:42.116,43.23 1 68
chenze-faka/internal/service/order_service.go:43.23,45.3 1 2
chenze-faka/internal/service/order_service.go:46.2,46.23 1 66
chenze-faka/internal/service/order_service.go:46.23,48.3 1 2
chenze-faka/internal/service/order_service.go:49.2,49.23 1 64
chenze-faka/internal/service/order_service.go:49.23,51.3 1 2
chenze-faka/internal/service/order_service.go:52.2,52.60 1 62
chenze-faka/internal/service/order_service.go:52.60,54.3 1 2
chenze-faka/internal/service/order_service.go:56.2,56.24 1 60
chenze-faka/internal/service/order_service.go:56.24,58.3 1 2
chenze-faka/internal/service/order_service.go:60.2,61.73 2 58
chenze-faka/internal/service/order_service.go:61.73,63.3 1 2
chenze-faka/internal/service/order_service.go:65.2,65.34 1 56
chenze-faka/internal/service/order_service.go:65.34,67.3 1 3
chenze-faka/internal/service/order_service.go:69.2,87.56 5 53
chenze-faka/internal/service/order_service.go:87.56,89.3 1 0
chenze-faka/internal/service/order_service.go:91.2,98.8 2 53
chenze-faka/internal/service/order_service.go:101.99,102.24 1 15
chenze-faka/internal/service/order_service.go:102.24,104.3 1 2
chenze-faka/internal/service/order_service.go:106.2,107.87 2 13
chenze-faka/internal/service/order_service.go:107.87,109.3 1 2
chenze-faka/internal/service/order_service.go:111.2,111.46 1 11
chenze-faka/internal/service/order_service.go:111.46,113.3 1 1
chenze-faka/internal/service/order_service.go:115.2,115.33 1 10
chenze-faka/internal/service/order_service.go:115.33,117.3 1 3
chenze-faka/internal/service/order_service.go:119.2,122.47 3 7
chenze-faka/internal/service/order_service.go:122.47,124.3 1 2
chenze-faka/internal/service/order_service.go:126.2,131.55 5 5
chenze-faka/internal/service/order_service.go:131.55,133.3 1 0
chenze-faka/internal/service/order_service.go:135.2,135.29 1 5
chenze-faka/internal/service/order_service.go:135.29,141.3 1 8
chenze-faka/internal/service/order_service.go:143.2,146.18 2 5
chenze-faka/internal/service/order_service.go:149.93,150.24 1 17
chenze-faka/internal/service/order_service.go:150.24,152.3 1 2
chenze-faka/internal/service/order_service.go:154.2,157.19 3 15
chenze-faka/internal/service/order_service.go:157.19,159.3 1 7
chenze-faka/internal/service/order_service.go:159.8,159.26 1 8
chenze-faka/internal/service/order_service.go:159.26,161.3 1 5
chenze-faka/internal/service/order_service.go:161.8,163.3 1 3
chenze-faka/internal/service/order_service.go:165.2,165.16 1 12
chenze-faka/internal/service/order_service.go:165.16,167.3 1 4
chenze-faka/internal/service/order_service.go:169.2,179.47 2 8
chenze-faka/internal/service/order_service.go:179.47,182.27 3 2
chenze-faka/internal/service/order_service.go:182.27,184.4 1 4
chenze-faka/internal/service/order_service.go:185.3,185.26 1 2
chenze-faka/internal/service/order_service.go:185.26,187.4 1 2
chenze-faka/internal/service/order_service.go:190.2,190.20 1 8
chenze-faka/internal/service/order_service.go:193.99,194.15 1 26
chenze-faka/internal/service/order_service.go:194.15,196.3 1 2
chenze-faka/internal/service/order_service.go:197.2,197.19 1 26
chenze-faka/internal/service/order_service.go:197.19,199.3 1 2
chenze-faka/internal/service/order_service.go:201.2,201.24 1 26
chenze-faka/internal/service/order_service.go:201.24,203.3 1 2
chenze-faka/internal/service/order_service.go:205.2,209.17 4 24
chenze-faka/internal/service/order_service.go:209.17,211.3 1 9
chenze-faka/internal/service/order_service.go:212.2,212.19 1 24
chenze-faka/internal/service/order_service.go:212.19,214.3 1 7
chenze-faka/internal/service/order_service.go:216.2,216.50 1 24
chenze-faka/internal/service/order_service.go:216.50,218.3 1 0
chenze-faka/internal/service/order_service.go:220.2,221.98 2 24
chenze-faka/internal/service/order_service.go:221.98,223.3 1 0
chenze-faka/internal/service/order_service.go:225.2,230.8 1 24
chenze-faka/internal/service/order_service.go:233.83,235.2 1 6
chenze-faka/internal/service/order_service.go:237.55,238.24 1 7
chenze-faka/internal/service/order_service.go:238.24,240.3 1 2
chenze-faka/internal/service/order_service.go:242.2,243.133 2 5
chenze-faka/internal/service/order_service.go:243.133,245.3 1 0
chenze-faka/internal/service/order_service.go:247.2,247.31 1 5
chenze-faka/internal/service/order_service.go:247.31,250.3 2 3
chenze-faka/internal/service/order_service.go:251.2,251.12 1 5
chenze-faka/internal/service/payment_service.go:12.42,14.2 1 0
chenze-faka/internal/service/payment_service.go:23.148,24.16 1 0
chenze-faka/internal/service/payment_service.go:24.16,26.3 1 0
chenze-faka/internal/service/payment_service.go:27.2,27.24 1 0
chenze-faka/internal/service/payment_service.go:27.24,29.3 1 0
chenze-faka/internal/service/payment_service.go:30.2,39.53 2 0
chenze-faka/internal/service/payment_service.go:39.53,41.3 1 0
chenze-faka/internal/service/payment_service.go:42.2,42.16 1 0
chenze-faka/internal/service/payment_service.go:45.153,46.24 1 0
chenze-faka/internal/service/payment_service.go:46.24,48.3 1 0
chenze-faka/internal/service/payment_service.go:49.2,50.57 2 0
chenze-faka/internal/service/payment_service.go:50.57,52.3 1 0
chenze-faka/internal/service/payment_service.go:53.2,53.16 1 0
chenze-faka/internal/service/payment_service.go:53.16,55.3 1 0
chenze-faka/internal/service/payment_service.go:56.2,59.71 4 0
chenze-faka/internal/service/payment_service.go:59.71,61.3 1 0
chenze-faka/internal/service/payment_service.go:62.2,63.52 2 0
chenze-faka/internal/service/payment_service.go:63.52,65.3 1 0
chenze-faka/internal/service/payment_service.go:66.2,66.17 1 0
chenze-faka/internal/service/payment_service.go:69.48,70.24 1 0
chenze-faka/internal/service/payment_service.go:70.24,72.3 1 0
chenze-faka/internal/service/payment_service.go:73.2,73.62 1 0
chenze-faka/internal/service/payment_service.go:76.70,77.24 1 0
chenze-faka/internal/service/payment_service.go:77.24,79.3 1 0
chenze-faka/internal/service/payment_service.go:80.2,82.22 3 0
chenze-faka/internal/service/payment_service.go:85.95,86.15 1 0
chenze-faka/internal/service/payment_service.go:86.15,88.3 1 0
chenze-faka/internal/service/payment_service.go:89.2,89.19 1 0
chenze-faka/internal/service/payment_service.go:89.19,91.3 1 0
chenze-faka/internal/service/payment_service.go:92.2,92.24 1 0
chenze-faka/internal/service/payment_service.go:92.24,94.3 1 0
chenze-faka/internal/service/payment_service.go:95.2,98.19 4 0
chenze-faka/internal/service/payment_service.go:98.19,100.3 1 0
chenze-faka/internal/service/payment_service.go:101.2,101.50 1 0
chenze-faka/internal/service/payment_service.go:101.50,103.3 1 0
chenze-faka/internal/service/payment_service.go:104.2,105.107 2 0
chenze-faka/internal/service/payment_service.go:105.107,107.3 1 0
chenze-faka/internal/service/payment_service.go:108.2,108.92 1 0
chenze-faka/internal/service/product_service.go:14.42,16.2 1 32
chenze-faka/internal/service/product_service.go:47.84,48.20 1 98
chenze-faka/internal/service/product_service.go:48.20,50.3 1 3
chenze-faka/internal/service/product_service.go:51.2,51.20 1 95
chenze-faka/internal/service/product_service.go:51.20,53.3 1 6
chenze-faka/internal/service/product_service.go:55.2,66.25 2 89
chenze-faka/internal/service/product_service.go:66.25,68.3 1 85
chenze-faka/internal/service/product_service.go:70.2,70.24 1 89
chenze-faka/internal/service/product_service.go:70.24,72.3 1 2
chenze-faka/internal/service/product_service.go:74.2,74.58 1 87
chenze-faka/internal/service/product_service.go:74.58,76.3 1 0
chenze-faka/internal/service/product_service.go:78.2,78.21 1 87
chenze-faka/internal/service/product_service.go:81.84,82.24 1 14
chenze-faka/internal/service/product_service.go:82.24,84.3 1 2
chenze-faka/internal/service/product_service.go:86.2,87.66 2 12
chenze-faka/internal/service/product_service.go:87.66,89.3 1 4
chenze-faka/internal/service/product_service.go:91.2,91.20 1 8
chenze-faka/internal/service/product_service.go:91.20,93.3 1 3
chenze-faka/internal/service/product_service.go:94.2,94.24 1 8
chenze-faka/internal/service/product_service.go:94.24,96.3 1 2
chenze-faka/internal/service/product_service.go:97.2,97.19 1 8
chenze-faka/internal/service/product_service.go:97.19,99.3 1 2
chenze-faka/internal/service/product_service.go:100.2,101.21 2 8
chenze-faka/internal/service/product_service.go:101.21,103.3 1 2
chenze-faka/internal/service/product_service.go:104.2,104.21 1 8
chenze-faka/internal/service/product_service.go:104.21,106.3 1 2
chenze-faka/internal/service/product_service.go:107.2,109.57 2 8
chenze-faka/internal/service/product_service.go:109.57,111.3 1 0
chenze-faka/internal/service/product_service.go:113.2,113.22 1 8
chenze-faka/internal/service/product_service.go:116.48,117.24 1 6
chenze-faka/internal/service/product_service.go:117.24,119.3 1 2
chenze-faka/internal/service/product_service.go:120.2,120.55 1 4
chenze-faka/internal/service/product_service.go:123.67,124.24 1 14
chenze-faka/internal/service/product_service.go:124.24,126.3 1 2
chenze-faka/internal/service/product_service.go:128.2,129.62 2 12
chenze-faka/internal/service/product_service.go:129.62,131.3 1 5
chenze-faka/internal/service/product_service.go:132.2,132.22 1 7
chenze-faka/internal/service/product_service.go:135.95,136.15 1 15
chenze-faka/internal/service/product_service.go:136.15,138.3 1 2
chenze-faka/internal/service/product_service.go:139.2,139.19 1 15
chenze-faka/internal/service/product_service.go:139.19,141.3 1 2
chenze-faka/internal/service/product_service.go:143.2,143.24 1 15
chenze-faka/internal/service/product_service.go:143.24,145.3 1 2
chenze-faka/internal/service/product_service.go:147.2,151.19 4 13
chenze-faka/internal/service/product_service.go:151.19,153.3 1 4
chenze-faka/internal/service/product_service.go:155.2,155.50 1 13
chenze-faka/internal/service/product_service.go:155.50,157.3 1 0
chenze-faka/internal/service/product_service.go:159.2,160.110 2 13
chenze-faka/internal/service/product_service.go:160.110,162.3 1 0
chenze-faka/internal/service/product_service.go:164.2,165.29 2 13
chenze-faka/internal/service/product_service.go:165.29,167.3 1 72
chenze-faka/internal/service/product_service.go:169.2,174.8 1 13
chenze-faka/internal/service/product_service.go:177.67,178.24 1 4
chenze-faka/internal/service/product_service.go:178.24,181.3 2 1
chenze-faka/internal/service/product_service.go:183.2,186.16 3 3
chenze-faka/internal/service/product_service.go:186.16,188.3 1 0
chenze-faka/internal/service/product_service.go:190.2,191.29 2 3
chenze-faka/internal/service/product_service.go:191.29,193.3 1 4
chenze-faka/internal/service/product_service.go:194.2,194.17 1 3
chenze-faka/internal/service/product_service.go:197.77,198.24 1 11
chenze-faka/internal/service/product_service.go:198.24,201.3 2 2
chenze-faka/internal/service/product_service.go:203.2,206.16 3 9
chenze-faka/internal/service/product_service.go:206.16,208.3 1 0
chenze-faka/internal/service/product_service.go:210.2,211.29 2 9
chenze-faka/internal/service/product_service.go:211.29,213.16 2 41
chenze-faka/internal/service/product_service.go:213.16,215.4 1 3
chenze-faka/internal/service/product_service.go:216.3,216.46 1 41
chenze-faka/internal/service/product_service.go:219.2,220.33 2 9
chenze-faka/internal/service/product_service.go:220.33,225.3 1 23
chenze-faka/internal/service/product_service.go:226.2,226.20 1 9
chenze-faka/internal/service/product_service.go:229.64,230.24 1 9
chenze-faka/internal/service/product_service.go:230.24,232.3 1 2
chenze-faka/internal/service/product_service.go:233.2,234.61 1 7
chenze-faka/internal/service/product_service.go:237.90,240.25 3 2
chenze-faka/internal/service/product_service.go:240.25,241.52 1 16
chenze-faka/internal/service/product_service.go:241.52,243.4 1 16
chenze-faka/internal/service/product_service.go:245.2,248.22 4 2
chenze-faka/internal/service/product_service.go:248.22,250.3 1 2
chenze-faka/internal/service/product_service.go:251.2,251.24 1 2
chenze-faka/internal/service/product_service.go:251.24,253.3 1 0
chenze-faka/internal/service/product_service.go:254.2,259.3 1 2
chenze-faka/internal/service/product_service.go:262.67,264.35 2 1
chenze-faka/internal/service/product_service.go:264.35,265.45 1 8
chenze-faka/internal/service/product_service.go:265.45,267.4 1 8
chenze-faka/internal/service/product_service.go:269.2,269.20 1 1
chenze-faka/internal/service/product_service.go:272.77,274.35 2 2
chenze-faka/internal/service/product_service.go:274.35,275.45 1 16
chenze-faka/internal/service/product_service.go:275.45,277.4 1 16
chenze-faka/internal/service/product_service.go:280.2,281.29 2 2
chenze-faka/internal/service/product_service.go:281.29,283.16 2 16
chenze-faka/internal/service/product_service.go:283.16,285.4 1 0
chenze-faka/internal/service/product_service.go:286.3,286.39 1 16
chenze-faka/internal/service/product_service.go:289.2,290.33 2 2
chenze-faka/internal/service/product_service.go:290.33,292.3 1 8
chenze-faka/internal/service/product_service.go:293.2,293.20 1 2
chenze-faka/internal/service/product_service.go:296.39,307.2 1 5
chenze-faka/internal/service/product_service.go:309.41,311.2 1 6
chenze-faka/internal/service/product_service.go:313.39,314.43 1 13
chenze-faka/internal/service/product_service.go:314.43,315.35 1 40
chenze-faka/internal/service/product_service.go:315.35,317.4 1 9
chenze-faka/internal/service/product_service.go:319.2,319.14 1 4
chenze-faka/internal/service/upgrade_service.go:15.42,17.2 1 0
chenze-faka/internal/service/upgrade_service.go:19.62,26.2 1 0
chenze-faka/internal/service/upgrade_service.go:28.63,36.2 1 0
chenze-faka/internal/service/upgrade_service.go:38.76,39.24 1 0
chenze-faka/internal/service/upgrade_service.go:39.24,41.3 1 0
chenze-faka/internal/service/upgrade_service.go:43.2,43.20 1 0
chenze-faka/internal/service/upgrade_service.go:43.20,45.3 1 0
chenze-faka/internal/service/upgrade_service.go:47.2,56.38 2 0
chenze-faka/internal/service/upgrade_service.go:59.47,60.24 1 0
chenze-faka/internal/service/upgrade_service.go:60.24,62.3 1 0
chenze-faka/internal/service/upgrade_service.go:64.2,66.50 2 0
chenze-faka/internal/service/upgrade_service.go:66.50,68.3 1 0
chenze-faka/internal/service/upgrade_service.go:70.2,74.37 4 0
chenze-faka/internal/service/upgrade_service.go:77.94,78.24 1 0
chenze-faka/internal/service/upgrade_service.go:78.24,80.3 1 0
chenze-faka/internal/service/upgrade_service.go:82.2,82.15 1 0
chenze-faka/internal/service/upgrade_service.go:82.15,84.3 1 0
chenze-faka/internal/service/upgrade_service.go:85.2,85.19 1 0
chenze-faka/internal/service/upgrade_service.go:85.19,87.3 1 0
chenze-faka/internal/service/upgrade_service.go:89.2,92.83 3 0
chenze-faka/internal/service/upgrade_service.go:92.83,94.3 1 0
chenze-faka/internal/service/upgrade_service.go:96.2,97.102 2 0
chenze-faka/internal/service/upgrade_service.go:97.102,99.3 1 0
chenze-faka/internal/service/upgrade_service.go:101.2,106.8 1 0
chenze-faka/internal/service/upload_service.go:38.40,40.2 1 0
chenze-faka/internal/service/upload_service.go:42.125,43.24 1 0
chenze-faka/internal/service/upload_service.go:43.24,45.3 1 0
chenze-faka/internal/service/upload_service.go:47.2,50.20 3 0
chenze-faka/internal/service/upload_service.go:50.20,52.3 1 0
chenze-faka/internal/service/upload_service.go:54.2,54.28 1 0
chenze-faka/internal/service/upload_service.go:54.28,56.3 1 0
chenze-faka/internal/service/upload_service.go:58.2,58.53 1 0
chenze-faka/internal/service/upload_service.go:58.53,60.3 1 0
chenze-faka/internal/service/upload_service.go:62.2,63.48 2 0
chenze-faka/internal/service/upload_service.go:63.48,65.3 1 0
chenze-faka/internal/service/upload_service.go:66.2,69.59 3 0
chenze-faka/internal/service/upload_service.go:69.59,71.3 1 0
chenze-faka/internal/service/upload_service.go:73.2,84.57 2 0
chenze-faka/internal/service/upload_service.go:84.57,87.3 2 0
chenze-faka/internal/service/upload_service.go:89.2,89.20 1 0
chenze-faka/internal/service/upload_service.go:92.69,93.24 1 0
chenze-faka/internal/service/upload_service.go:93.24,95.3 1 0
chenze-faka/internal/service/upload_service.go:97.2,98.61 2 0
chenze-faka/internal/service/upload_service.go:98.61,100.3 1 0
chenze-faka/internal/service/upload_service.go:101.2,101.21 1 0
chenze-faka/internal/service/upload_service.go:104.51,105.24 1 0
chenze-faka/internal/service/upload_service.go:105.24,107.3 1 0
chenze-faka/internal/service/upload_service.go:109.2,110.61 2 0
chenze-faka/internal/service/upload_service.go:110.61,112.3 1 0
chenze-faka/internal/service/upload_service.go:114.2,114.23 1 0
chenze-faka/internal/service/upload_service.go:114.23,116.3 1 0
chenze-faka/internal/service/upload_service.go:118.2,118.42 1 0
chenze-faka/internal/service/upload_service.go:121.104,122.24 1 0
chenze-faka/internal/service/upload_service.go:122.24,124.3 1 0
chenze-faka/internal/service/upload_service.go:126.2,126.15 1 0
chenze-faka/internal/service/upload_service.go:126.15,128.3 1 0
chenze-faka/internal/service/upload_service.go:129.2,129.19 1 0
chenze-faka/internal/service/upload_service.go:129.19,131.3 1 0
chenze-faka/internal/service/upload_service.go:133.2,137.20 4 0
chenze-faka/internal/service/upload_service.go:137.20,139.3 1 0
chenze-faka/internal/service/upload_service.go:141.2,141.50 1 0
chenze-faka/internal/service/upload_service.go:141.50,143.3 1 0
chenze-faka/internal/service/upload_service.go:145.2,146.97 2 0
chenze-faka/internal/service/upload_service.go:146.97,148.3 1 0
chenze-faka/internal/service/upload_service.go:150.2,155.8 1 0
chenze-faka/internal/service/upload_service.go:158.62,159.24 1 0
chenze-faka/internal/service/upload_service.go:159.24,161.3 1 0
chenze-faka/internal/service/upload_service.go:162.2,162.27 1 0
chenze-faka/internal/service/upload_service.go:162.27,164.3 1 0
chenze-faka/internal/service/upload_service.go:165.2,165.11 1 0
